Archive member included to satisfy reference by file (symbol)

c:/st/stm32cubeide_1.9.0/stm32cubeide/plugins/com.st.stm32cube.ide.mcu.externaltools.gnu-tools-for-stm32.10.3-2021.10.win32_1.0.0.202111181127/tools/bin/../lib/gcc/arm-none-eabi/10.3.1/../../../../arm-none-eabi/lib/thumb/v7e-m+fp/hard\libc_nano.a(lib_a-errno.o)
                              ./Core/Src/syscalls.o (__errno)
c:/st/stm32cubeide_1.9.0/stm32cubeide/plugins/com.st.stm32cube.ide.mcu.externaltools.gnu-tools-for-stm32.10.3-2021.10.win32_1.0.0.202111181127/tools/bin/../lib/gcc/arm-none-eabi/10.3.1/../../../../arm-none-eabi/lib/thumb/v7e-m+fp/hard\libc_nano.a(lib_a-exit.o)
                              c:/st/stm32cubeide_1.9.0/stm32cubeide/plugins/com.st.stm32cube.ide.mcu.externaltools.gnu-tools-for-stm32.10.3-2021.10.win32_1.0.0.202111181127/tools/bin/../lib/gcc/arm-none-eabi/10.3.1/../../../../arm-none-eabi/lib/thumb/v7e-m+fp/hard/crt0.o (exit)
c:/st/stm32cubeide_1.9.0/stm32cubeide/plugins/com.st.stm32cube.ide.mcu.externaltools.gnu-tools-for-stm32.10.3-2021.10.win32_1.0.0.202111181127/tools/bin/../lib/gcc/arm-none-eabi/10.3.1/../../../../arm-none-eabi/lib/thumb/v7e-m+fp/hard\libc_nano.a(lib_a-impure.o)
                              c:/st/stm32cubeide_1.9.0/stm32cubeide/plugins/com.st.stm32cube.ide.mcu.externaltools.gnu-tools-for-stm32.10.3-2021.10.win32_1.0.0.202111181127/tools/bin/../lib/gcc/arm-none-eabi/10.3.1/../../../../arm-none-eabi/lib/thumb/v7e-m+fp/hard\libc_nano.a(lib_a-exit.o) (_global_impure_ptr)
c:/st/stm32cubeide_1.9.0/stm32cubeide/plugins/com.st.stm32cube.ide.mcu.externaltools.gnu-tools-for-stm32.10.3-2021.10.win32_1.0.0.202111181127/tools/bin/../lib/gcc/arm-none-eabi/10.3.1/../../../../arm-none-eabi/lib/thumb/v7e-m+fp/hard\libc_nano.a(lib_a-init.o)
                              c:/st/stm32cubeide_1.9.0/stm32cubeide/plugins/com.st.stm32cube.ide.mcu.externaltools.gnu-tools-for-stm32.10.3-2021.10.win32_1.0.0.202111181127/tools/bin/../lib/gcc/arm-none-eabi/10.3.1/../../../../arm-none-eabi/lib/thumb/v7e-m+fp/hard/crt0.o (__libc_init_array)
c:/st/stm32cubeide_1.9.0/stm32cubeide/plugins/com.st.stm32cube.ide.mcu.externaltools.gnu-tools-for-stm32.10.3-2021.10.win32_1.0.0.202111181127/tools/bin/../lib/gcc/arm-none-eabi/10.3.1/../../../../arm-none-eabi/lib/thumb/v7e-m+fp/hard\libc_nano.a(lib_a-memcpy-stub.o)
                              ./Core/Src/PL_flash.o (memcpy)
c:/st/stm32cubeide_1.9.0/stm32cubeide/plugins/com.st.stm32cube.ide.mcu.externaltools.gnu-tools-for-stm32.10.3-2021.10.win32_1.0.0.202111181127/tools/bin/../lib/gcc/arm-none-eabi/10.3.1/../../../../arm-none-eabi/lib/thumb/v7e-m+fp/hard\libc_nano.a(lib_a-memset.o)
                              c:/st/stm32cubeide_1.9.0/stm32cubeide/plugins/com.st.stm32cube.ide.mcu.externaltools.gnu-tools-for-stm32.10.3-2021.10.win32_1.0.0.202111181127/tools/bin/../lib/gcc/arm-none-eabi/10.3.1/../../../../arm-none-eabi/lib/thumb/v7e-m+fp/hard/crt0.o (memset)
c:/st/stm32cubeide_1.9.0/stm32cubeide/plugins/com.st.stm32cube.ide.mcu.externaltools.gnu-tools-for-stm32.10.3-2021.10.win32_1.0.0.202111181127/tools/bin/../lib/gcc/arm-none-eabi/10.3.1/../../../../arm-none-eabi/lib/thumb/v7e-m+fp/hard\libc_nano.a(lib_a-nano-vfprintf_float.o)
                              (_printf_float)
c:/st/stm32cubeide_1.9.0/stm32cubeide/plugins/com.st.stm32cube.ide.mcu.externaltools.gnu-tools-for-stm32.10.3-2021.10.win32_1.0.0.202111181127/tools/bin/../lib/gcc/arm-none-eabi/10.3.1/../../../../arm-none-eabi/lib/thumb/v7e-m+fp/hard\libc_nano.a(lib_a-nano-vfprintf_i.o)
                              c:/st/stm32cubeide_1.9.0/stm32cubeide/plugins/com.st.stm32cube.ide.mcu.externaltools.gnu-tools-for-stm32.10.3-2021.10.win32_1.0.0.202111181127/tools/bin/../lib/gcc/arm-none-eabi/10.3.1/../../../../arm-none-eabi/lib/thumb/v7e-m+fp/hard\libc_nano.a(lib_a-nano-vfprintf_float.o) (_printf_common)
c:/st/stm32cubeide_1.9.0/stm32cubeide/plugins/com.st.stm32cube.ide.mcu.externaltools.gnu-tools-for-stm32.10.3-2021.10.win32_1.0.0.202111181127/tools/bin/../lib/gcc/arm-none-eabi/10.3.1/../../../../arm-none-eabi/lib/thumb/v7e-m+fp/hard\libc_nano.a(lib_a-printf.o)
                              ./Core/Src/CL_sensor.o (printf)
c:/st/stm32cubeide_1.9.0/stm32cubeide/plugins/com.st.stm32cube.ide.mcu.externaltools.gnu-tools-for-stm32.10.3-2021.10.win32_1.0.0.202111181127/tools/bin/../lib/gcc/arm-none-eabi/10.3.1/../../../../arm-none-eabi/lib/thumb/v7e-m+fp/hard\libc_nano.a(lib_a-putchar.o)
                              ./Core/Src/record.o (putchar)
c:/st/stm32cubeide_1.9.0/stm32cubeide/plugins/com.st.stm32cube.ide.mcu.externaltools.gnu-tools-for-stm32.10.3-2021.10.win32_1.0.0.202111181127/tools/bin/../lib/gcc/arm-none-eabi/10.3.1/../../../../arm-none-eabi/lib/thumb/v7e-m+fp/hard\libc_nano.a(lib_a-puts.o)
                              ./Core/Src/CL_sensor.o (puts)
[...]
Memory Configuration

Name             Origin             Length             Attributes
RAM              0x0000000020000000 0x000000000001c000 xrw
FLASH            0x0000000008000000 0x000000000007f000 xr
DATA             0x000000000807f000 0x0000000000001000 xr
*default*        0x0000000000000000 0xffffffffffffffff

Linker script and memory map

LOAD c:/st/stm32cubeide_1.9.0/stm32cubeide/plugins/com.st.stm32cube.ide.mcu.externaltools.gnu-tools-for-stm32.10.3-2021.10.win32_1.0.0.202111181127/tools/bin/../lib/gcc/arm-none-eabi/10.3.1/thumb/v7e-m+fp/hard/crti.o
LOAD c:/st/stm32cubeide_1.9.0/stm32cubeide/plugins/com.st.stm32cube.ide.mcu.externaltools.gnu-tools-for-stm32.10.3-2021.10.win32_1.0.0.202111181127/tools/bin/../lib/gcc/arm-none-eabi/10.3.1/thumb/v7e-m+fp/hard/crtbegin.o
LOAD c:/st/stm32cubeide_1.9.0/stm32cubeide/plugins/com.st.stm32cube.ide.mcu.externaltools.gnu-tools-for-stm32.10.3-2021.10.win32_1.0.0.202111181127/tools/bin/../lib/gcc/arm-none-eabi/10.3.1/../../../../arm-none-eabi/lib/thumb/v7e-m+fp/hard/crt0.o
LOAD ./Core/Src/CL_encoder.o
LOAD ./Core/Src/CL_gyro.o
LOAD ./Core/Src/CL_sensor.o
LOAD ./Core/Src/Control_motor.o
LOAD ./Core/Src/FF_motor.o
LOAD ./Core/Src/PID_EncoderGyro.o
LOAD ./Core/Src/PID_wall.o
LOAD ./Core/Src/PL_LED.o
LOAD ./Core/Src/PL_encoder.o
LOAD ./Core/Src/PL_flash.o
LOAD ./Core/Src/PL_gyro.o
LOAD ./Core/Src/PL_motor.o
LOAD ./Core/Src/PL_sensor.o
LOAD ./Core/Src/PL_timer.o
LOAD ./Core/Src/adc.o
LOAD ./Core/Src/cal_acceleration.o
LOAD ./Core/Src/dma.o
LOAD ./Core/Src/fail_safe.o
LOAD ./Core/Src/gpio.o
LOAD ./Core/Src/main.o
LOAD ./Core/Src/maze_Turning.o
LOAD ./Core/Src/maze_strategy.o
LOAD ./Core/Src/maze_wall.o
LOAD ./Core/Src/mode_select.o
LOAD ./Core/Src/record.o
LOAD ./Core/Src/spi.o
LOAD ./Core/Src/stm32g4xx_hal_msp.o
LOAD ./Core/Src/stm32g4xx_it.o
LOAD ./Core/Src/syscalls.o
LOAD ./Core/Src/sysmem.o
LOAD ./Core/Src/system_stm32g4xx.o
LOAD ./Core/Src/tim.o
LOAD ./Core/Src/turning_parameter.o
LOAD ./Core/Src/usart.o
LOAD ./Core/Startup/startup_stm32g491ceux.o
LOAD ./Drivers/STM32G4xx_HAL_Driver/Src/stm32g4xx_hal.o
LOAD ./Drivers/STM32G4xx_HAL_Driver/Src/stm32g4xx_hal_adc.o
LOAD ./Drivers/STM32G4xx_HAL_Driver/Src/stm32g4xx_hal_adc_ex.o
LOAD ./Drivers/STM32G4xx_HAL_Driver/Src/stm32g4xx_hal_cortex.o
LOAD ./Drivers/STM32G4xx_HAL_Driver/Src/stm32g4xx_hal_dma.o
LOAD ./Drivers/STM32G4xx_HAL_Driver/Src/stm32g4xx_hal_dma_ex.o
LOAD ./Drivers/STM32G4xx_HAL_Driver/Src/stm32g4xx_hal_exti.o
LOAD ./Drivers/STM32G4xx_HAL_Driver/Src/stm32g4xx_hal_flash.o
LOAD ./Drivers/STM32G4xx_HAL_Driver/Src/stm32g4xx_hal_flash_ex.o
LOAD ./Drivers/STM32G4xx_HAL_Driver/Src/stm32g4xx_hal_flash_ramfunc.o
LOAD ./Drivers/STM32G4xx_HAL_Driver/Src/stm32g4xx_hal_gpio.o
LOAD ./Drivers/STM32G4xx_HAL_Driver/Src/stm32g4xx_hal_pwr.o
LOAD ./Drivers/STM32G4xx_HAL_Driver/Src/stm32g4xx_hal_pwr_ex.o
LOAD ./Drivers/STM32G4xx_HAL_Driver/Src/stm32g4xx_hal_rcc.o
LOAD ./Drivers/STM32G4xx_HAL_Driver/Src/stm32g4xx_hal_rcc_ex.o
LOAD ./Drivers/STM32G4xx_HAL_Driver/Src/stm32g4xx_hal_spi.o
LOAD ./Drivers/STM32G4xx_HAL_Driver/Src/stm32g4xx_hal_spi_ex.o
LOAD ./Drivers/STM32G4xx_HAL_Driver/Src/stm32g4xx_hal_tim.o
LOAD ./Drivers/STM32G4xx_HAL_Driver/Src/stm32g4xx_hal_tim_ex.o
LOAD ./Drivers/STM32G4xx_HAL_Driver/Src/stm32g4xx_hal_uart.o
LOAD ./Drivers/STM32G4xx_HAL_Driver/Src/stm32g4xx_hal_uart_ex.o
LOAD ./Drivers/STM32G4xx_HAL_Driver/Src/stm32g4xx_ll_adc.o
START GROUP
LOAD c:/st/stm32cubeide_1.9.0/stm32cubeide/plugins/com.st.stm32cube.ide.mcu.externaltools.gnu-tools-for-stm32.10.3-2021.10.win32_1.0.0.202111181127/tools/bin/../lib/gcc/arm-none-eabi/10.3.1/../../../../arm-none-eabi/lib/thumb/v7e-m+fp/hard\libc_nano.a
LOAD c:/st/stm32cubeide_1.9.0/stm32cubeide/plugins/com.st.stm32cube.ide.mcu.externaltools.gnu-tools-for-stm32.10.3-2021.10.win32_1.0.0.202111181127/tools/bin/../lib/gcc/arm-none-eabi/10.3.1/../../../../arm-none-eabi/lib/thumb/v7e-m+fp/hard\libm.a
END GROUP
START GROUP
LOAD c:/st/stm32cubeide_1.9.0/stm32cubeide/plugins/com.st.stm32cube.ide.mcu.externaltools.gnu-tools-for-stm32.10.3-2021.10.win32_1.0.0.202111181127/tools/bin/../lib/gcc/arm-none-eabi/10.3.1/thumb/v7e-m+fp/hard\libgcc.a
LOAD c:/st/stm32cubeide_1.9.0/stm32cubeide/plugins/com.st.stm32cube.ide.mcu.externaltools.gnu-tools-for-stm32.10.3-2021.10.win32_1.0.0.202111181127/tools/bin/../lib/gcc/arm-none-eabi/10.3.1/../../../../arm-none-eabi/lib/thumb/v7e-m+fp/hard\libc_nano.a
END GROUP
START GROUP
LOAD c:/st/stm32cubeide_1.9.0/stm32cubeide/plugins/com.st.stm32cube.ide.mcu.externaltools.gnu-tools-for-stm32.10.3-2021.10.win32_1.0.0.202111181127/tools/bin/../lib/gcc/arm-none-eabi/10.3.1/thumb/v7e-m+fp/hard\libgcc.a
LOAD c:/st/stm32cubeide_1.9.0/stm32cubeide/plugins/com.st.stm32cube.ide.mcu.externaltools.gnu-tools-for-stm32.10.3-2021.10.win32_1.0.0.202111181127/tools/bin/../lib/gcc/arm-none-eabi/10.3.1/../../../../arm-none-eabi/lib/thumb/v7e-m+fp/hard\libc_nano.a
LOAD c:/st/stm32cubeide_1.9.0/stm32cubeide/plugins/com.st.stm32cube.ide.mcu.externaltools.gnu-tools-for-stm32.10.3-2021.10.win32_1.0.0.202111181127/tools/bin/../lib/gcc/arm-none-eabi/10.3.1/../../../../arm-none-eabi/lib/thumb/v7e-m+fp/hard\libnosys.a
END GROUP
START GROUP
LOAD c:/st/stm32cubeide_1.9.0/stm32cubeide/plugins/com.st.stm32cube.ide.mcu.externaltools.gnu-tools-for-stm32.10.3-2021.10.win32_1.0.0.202111181127/tools/bin/../lib/gcc/arm-none-eabi/10.3.1/thumb/v7e-m+fp/hard\libgcc.a
LOAD c:/st/stm32cubeide_1.9.0/stm32cubeide/plugins/com.st.stm32cube.ide.mcu.externaltools.gnu-tools-for-stm32.10.3-2021.10.win32_1.0.0.202111181127/tools/bin/../lib/gcc/arm-none-eabi/10.3.1/../../../../arm-none-eabi/lib/thumb/v7e-m+fp/hard\libc_nano.a
LOAD c:/st/stm32cubeide_1.9.0/stm32cubeide/plugins/com.st.stm32cube.ide.mcu.externaltools.gnu-tools-for-stm32.10.3-2021.10.win32_1.0.0.202111181127/tools/bin/../lib/gcc/arm-none-eabi/10.3.1/../../../../arm-none-eabi/lib/thumb/v7e-m+fp/hard\libnosys.a
END GROUP
LOAD c:/st/stm32cubeide_1.9.0/stm32cubeide/plugins/com.st.stm32cube.ide.mcu.externaltools.gnu-tools-for-stm32.10.3-2021.10.win32_1.0.0.202111181127/tools/bin/../lib/gcc/arm-none-eabi/10.3.1/thumb/v7e-m+fp/hard/crtend.o
LOAD c:/st/stm32cubeide_1.9.0/stm32cubeide/plugins/com.st.stm32cube.ide.mcu.externaltools.gnu-tools-for-stm32.10.3-2021.10.win32_1.0.0.202111181127/tools/bin/../lib/gcc/arm-none-eabi/10.3.1/thumb/v7e-m+fp/hard/crtn.o
                0x000000002001c000                _estack = (ORIGIN (RAM) + LENGTH (RAM))
                0x0000000000000200                _Min_Heap_Size = 0x200
                0x0000000000000400                _Min_Stack_Size = 0x400

.isr_vector     0x0000000008000000      0x1d8
                0x0000000008000000                . = ALIGN (0x4)
 *(.isr_vector)
 .isr_vector    0x0000000008000000      0x1d8 ./Core/Startup/startup_stm32g491ceux.o
                0x0000000008000000                g_pfnVectors
                0x00000000080001d8                . = ALIGN (0x4)

.text           0x00000000080001e0    0x26074
                0x00000000080001e0                . = ALIGN (0x4)
 *(.text)
 .text          0x00000000080001e0       0x40 c:/st/stm32cubeide_1.9.0/stm32cubeide/plugins/com.st.stm32cube.ide.mcu.externaltools.gnu-tools-for-stm32.10.3-2021.10.win32_1.0.0.202111181127/tools/bin/../lib/gcc/arm-none-eabi/10.3.1/thumb/v7e-m+fp/hard/crtbegin.o
 .text          0x0000000008000220       0x10 c:/st/stm32cubeide_1.9.0/stm32cubeide/plugins/com.st.stm32cube.ide.mcu.externaltools.gnu-tools-for-stm32.10.3-2021.10.win32_1.0.0.202111181127/tools/bin/../lib/gcc/arm-none-eabi/10.3.1/../../../../arm-none-eabi/lib/thumb/v7e-m+fp/hard\libc_nano.a(lib_a-strlen.o)
                0x0000000008000220                strlen
 .text          0x0000000008000230       0xa0 c:/st/stm32cubeide_1.9.0/stm32cubeide/plugins/com.st.stm32cube.ide.mcu.externaltools.gnu-tools-for-stm32.10.3-2021.10.win32_1.0.0.202111181127/tools/bin/../lib/gcc/arm-none-eabi/10.3.1/../../../../arm-none-eabi/lib/thumb/v7e-m+fp/hard\libc_nano.a(lib_a-memchr.o)
                0x0000000008000230                memchr
 .text          0x00000000080002d0      0x378 c:/st/stm32cubeide_1.9.0/stm32cubeide/plugins/com.st.stm32cube.ide.mcu.externaltools.gnu-tools-for-stm32.10.3-2021.10.win32_1.0.0.202111181127/tools/bin/../lib/gcc/arm-none-eabi/10.3.1/thumb/v7e-m+fp/hard\libgcc.a(_arm_addsubdf3.o)
                0x00000000080002d0                __aeabi_drsub
                0x00000000080002d8                __aeabi_dsub
                0x00000000080002d8                __subdf3
                0x00000000080002dc                __aeabi_dadd
                0x00000000080002dc                __adddf3
                0x0000000008000554                __floatunsidf
                0x0000000008000554                __aeabi_ui2d
                0x0000000008000574                __floatsidf
                0x0000000008000574                __aeabi_i2d
                0x0000000008000598                __aeabi_f2d
                0x0000000008000598                __extendsfdf2
                0x00000000080005dc                __floatundidf
                0x00000000080005dc                __aeabi_ul2d
                0x00000000080005ec                __floatdidf
                0x00000000080005ec                __aeabi_l2d
 .text          0x0000000008000648      0x424 c:/st/stm32cubeide_1.9.0/stm32cubeide/plugins/com.st.stm32cube.ide.mcu.externaltools.gnu-tools-for-stm32.10.3-2021.10.win32_1.0.0.202111181127/tools/bin/../lib/gcc/arm-none-eabi/10.3.1/thumb/v7e-m+fp/hard\libgcc.a(_arm_muldivdf3.o)
                0x0000000008000648                __aeabi_dmul
                0x0000000008000648                __muldf3
                0x000000000800089c                __divdf3
                0x000000000800089c                __aeabi_ddiv
 .text          0x0000000008000a6c      0x110 c:/st/stm32cubeide_1.9.0/stm32cubeide/plugins/com.st.stm32cube.ide.mcu.externaltools.gnu-tools-for-stm32.10.3-2021.10.win32_1.0.0.202111181127/tools/bin/../lib/gcc/arm-none-eabi/10.3.1/thumb/v7e-m+fp/hard\libgcc.a(_arm_cmpdf2.o)
                0x0000000008000a6c                __gtdf2
                0x0000000008000a6c                __gedf2
                0x0000000008000a74                __ltdf2
                0x0000000008000a74                __ledf2
                0x0000000008000a7c                __nedf2
                0x0000000008000a7c                __eqdf2
                0x0000000008000a7c                __cmpdf2
                0x0000000008000af8                __aeabi_cdrcmple
                0x0000000008000b08                __aeabi_cdcmpeq
                0x0000000008000b08                __aeabi_cdcmple
                0x0000000008000b18                __aeabi_dcmpeq
                0x0000000008000b2c                __aeabi_dcmplt
                0x0000000008000b40                __aeabi_dcmple
                0x0000000008000b54                __aeabi_dcmpge
                0x0000000008000b68                __aeabi_dcmpgt
 .text          0x0000000008000b7c       0x2c c:/st/stm32cubeide_1.9.0/stm32cubeide/plugins/com.st.stm32cube.ide.mcu.externaltools.gnu-tools-for-stm32.10.3-2021.10.win32_1.0.0.202111181127/tools/bin/../lib/gcc/arm-none-eabi/10.3.1/thumb/v7e-m+fp/hard\libgcc.a(_arm_unorddf2.o)
                0x0000000008000b7c                __unorddf2
                0x0000000008000b7c                __aeabi_dcmpun
 .text          0x0000000008000ba8       0x50 c:/st/stm32cubeide_1.9.0/stm32cubeide/plugins/com.st.stm32cube.ide.mcu.externaltools.gnu-tools-for-stm32.10.3-2021.10.win32_1.0.0.202111181127/tools/bin/../lib/gcc/arm-none-eabi/10.3.1/thumb/v7e-m+fp/hard\libgcc.a(_arm_fixdfsi.o)
                0x0000000008000ba8                __aeabi_d2iz
                0x0000000008000ba8                __fixdfsi
 .text          0x0000000008000bf8       0xa0 c:/st/stm32cubeide_1.9.0/stm32cubeide/plugins/com.st.stm32cube.ide.mcu.externaltools.gnu-tools-for-stm32.10.3-2021.10.win32_1.0.0.202111181127/tools/bin/../lib/gcc/arm-none-eabi/10.3.1/thumb/v7e-m+fp/hard\libgcc.a(_arm_truncdfsf2.o)
                0x0000000008000bf8                __truncdfsf2
                0x0000000008000bf8                __aeabi_d2f
 .text          0x0000000008000c98       0x30 c:/st/stm32cubeide_1.9.0/stm32cubeide/plugins/com.st.stm32cube.ide.mcu.externaltools.gnu-tools-for-stm32.10.3-2021.10.win32_1.0.0.202111181127/tools/bin/../lib/gcc/arm-none-eabi/10.3.1/thumb/v7e-m+fp/hard\libgcc.a(_aeabi_uldivmod.o)
                0x0000000008000c98                __aeabi_uldivmod
 .text          0x0000000008000cc8      0x2d0 c:/st/stm32cubeide_1.9.0/stm32cubeide/plugins/com.st.stm32cube.ide.mcu.externaltools.gnu-tools-for-stm32.10.3-2021.10.win32_1.0.0.202111181127/tools/bin/../lib/gcc/arm-none-eabi/10.3.1/thumb/v7e-m+fp/hard\libgcc.a(_udivmoddi4.o)
                0x0000000008000cc8                __udivmoddi4
 .text          0x0000000008000f98        0x4 c:/st/stm32cubeide_1.9.0/stm32cubeide/plugins/com.st.stm32cube.ide.mcu.externaltools.gnu-tools-for-stm32.10.3-2021.10.win32_1.0.0.202111181127/tools/bin/../lib/gcc/arm-none-eabi/10.3.1/thumb/v7e-m+fp/hard\libgcc.a(_dvmd_tls.o)
                0x0000000008000f98                __aeabi_idiv0
                0x0000000008000f98                __aeabi_ldiv0
 *(.text*)
 .text.reset_distance
                0x0000000008000f9c       0x88 ./Core/Src/CL_encoder.o
                0x0000000008000f9c                reset_distance
 .text.reset_speed
                0x0000000008001024       0x70 ./Core/Src/CL_encoder.o
                0x0000000008001024                reset_speed
 *fill*         0x0000000008001094        0x4 
 .text.interupt_calEncoder
                0x0000000008001098      0x8a8 ./Core/Src/CL_encoder.o
                0x0000000008001098                interupt_calEncoder
 .text.interupt_calFusion
                0x0000000008001940      0x2c8 ./Core/Src/CL_encoder.o
                0x0000000008001940                interupt_calFusion
 .text.reset_gyro
                0x0000000008001c08      0x124 ./Core/Src/CL_gyro.o
                0x0000000008001c08                reset_gyro
 *fill*         0x0000000008001d2c        0x4 
 .text.interrupt_calGyro
                0x0000000008001d30      0x31c ./Core/Src/CL_gyro.o
                0x0000000008001d30                interrupt_calGyro
 *fill*         0x000000000800204c        0x4 
 .text.battcheak
                0x0000000008002050       0xf4 ./Core/Src/CL_sensor.o
                0x0000000008002050                battcheak
 .text.interupt_calSensor
                0x0000000008002144      0x188 ./Core/Src/CL_sensor.o
                0x0000000008002144                interupt_calSensor
 .text.Control_mode_Init
                0x00000000080022cc       0x38 ./Core/Src/Control_motor.o
                0x00000000080022cc                Control_mode_Init
 .text.get_duty
                0x0000000008002304      0x124 ./Core/Src/Control_motor.o
                0x0000000008002304                get_duty
 .text.interupt_DriveMotor
                0x0000000008002428     0x1af0 ./Core/Src/Control_motor.o
                0x0000000008002428                interupt_DriveMotor
 .text.straight_table_dis
                0x0000000008003f18      0x280 ./Core/Src/Control_motor.o
                0x0000000008003f18                straight_table_dis
 .text.straight_table_max
                0x0000000008004198      0x280 ./Core/Src/Control_motor.o
                0x0000000008004198                straight_table_max
 .text.straight_table2
                0x0000000008004418      0x97c ./Core/Src/Control_motor.o
                0x0000000008004418                straight_table2
 .text.End_straight
                0x0000000008004d94       0xd8 ./Core/Src/Control_motor.o
                0x0000000008004d94                End_straight
 .text.turning_table2
                0x0000000008004e6c      0x244 ./Core/Src/Control_motor.o
                0x0000000008004e6c                turning_table2
 .text.slalom_table2
                0x00000000080050b0      0x1f8 ./Core/Src/Control_motor.o
                0x00000000080050b0                slalom_table2
 .text.no_angle
                0x00000000080052a8       0xa8 ./Core/Src/Control_motor.o
                0x00000000080052a8                no_angle
 .text.mollifier_slalom_table
                0x0000000008005350      0x128 ./Core/Src/Control_motor.o
                0x0000000008005350                mollifier_slalom_table
 .text.no_frontwall_straight
                0x0000000008005478       0x90 ./Core/Src/Control_motor.o
                0x0000000008005478                no_frontwall_straight
 .text.feedforward_const_accel
                0x0000000008005508      0x4e0 ./Core/Src/FF_motor.o
                0x0000000008005508                feedforward_const_accel
 .text.PID_Init
                0x00000000080059e8       0x78 ./Core/Src/PID_EncoderGyro.o
                0x00000000080059e8                PID_Init
 .text.clear_Ierror
                0x0000000008005a60       0x28 ./Core/Src/PID_EncoderGyro.o
                0x0000000008005a60                clear_Ierror
 .text.EncoderGyro_PID
                0x0000000008005a88      0x2b0 ./Core/Src/PID_EncoderGyro.o
                0x0000000008005a88                EncoderGyro_PID
 .text.init_WallControl
                0x0000000008005d38      0x1a4 ./Core/Src/PID_wall.o
                0x0000000008005d38                init_WallControl
 *fill*         0x0000000008005edc        0x4 
 .text.calWallConrol
                0x0000000008005ee0     0x1684 ./Core/Src/PID_wall.o
                0x0000000008005ee0                calWallConrol
 *fill*         0x0000000008007564        0x4 
 .text.interrupt_WallCut
                0x0000000008007568      0xc9c ./Core/Src/PID_wall.o
                0x0000000008007568                interrupt_WallCut
 .text.pl_yellow_LED_1
                0x0000000008008204       0x22 ./Core/Src/PL_LED.o
                0x0000000008008204                pl_yellow_LED_1
 *fill*         0x0000000008008226        0x2 
 .text.pl_yellow_LED_3
                0x0000000008008228       0x24 ./Core/Src/PL_LED.o
                0x0000000008008228                pl_yellow_LED_3
 .text.pl_yellow_LED_6
                0x000000000800824c       0x24 ./Core/Src/PL_LED.o
                0x000000000800824c                pl_yellow_LED_6
 .text.pl_yellow_LED_8
                0x0000000008008270       0x24 ./Core/Src/PL_LED.o
                0x0000000008008270                pl_yellow_LED_8
 .text.pl_yellow_LED_off
                0x0000000008008294       0x74 ./Core/Src/PL_LED.o
                0x0000000008008294                pl_yellow_LED_off
 .text.pl_yellow_LED_count
                0x0000000008008308      0x160 ./Core/Src/PL_LED.o
                0x0000000008008308                pl_yellow_LED_count
 .text.pl_r_blue_LED
                0x0000000008008468       0x24 ./Core/Src/PL_LED.o
                0x0000000008008468                pl_r_blue_LED
 .text.pl_l_blue_LED
                0x000000000800848c       0x24 ./Core/Src/PL_LED.o
                0x000000000800848c                pl_l_blue_LED
 .text.encoder_read_byte_R
                0x00000000080084b0       0xec ./Core/Src/PL_encoder.o
                0x00000000080084b0                encoder_read_byte_R
 .text.encoder_read_byte_L
                0x000000000800859c       0xf8 ./Core/Src/PL_encoder.o
                0x000000000800859c                encoder_read_byte_L
 .text.AS5047_DataUpdate
                0x0000000008008694       0x74 ./Core/Src/PL_encoder.o
                0x0000000008008694                AS5047_DataUpdate
 .text.test_flash
                0x0000000008008708       0x18 ./Core/Src/PL_flash.o
                0x0000000008008708                test_flash
 .text.eraseFlash
                0x0000000008008720       0x30 ./Core/Src/PL_flash.o
                0x0000000008008720                eraseFlash
 .text.writeFlash
                0x0000000008008750       0x5a ./Core/Src/PL_flash.o
                0x0000000008008750                writeFlash
 .text.loadFlash
                0x00000000080087aa       0x20 ./Core/Src/PL_flash.o
                0x00000000080087aa                loadFlash
 *fill*         0x00000000080087ca        0x2 
 .text.record_in
                0x00000000080087cc      0x16c ./Core/Src/PL_flash.o
                0x00000000080087cc                record_in
 .text.record_out
                0x0000000008008938      0x14c ./Core/Src/PL_flash.o
                0x0000000008008938                record_out
 .text.flash_record_init
                0x0000000008008a84       0x7c ./Core/Src/PL_flash.o
                0x0000000008008a84                flash_record_init
 .text.gyro_read_byte
                0x0000000008008b00       0x58 ./Core/Src/PL_gyro.o
                0x0000000008008b00                gyro_read_byte
 .text.gyro_write_byte
                0x0000000008008b58       0x58 ./Core/Src/PL_gyro.o
                0x0000000008008b58                gyro_write_byte
 .text.pl_gyro_init
                0x0000000008008bb0       0x94 ./Core/Src/PL_gyro.o
                0x0000000008008bb0                pl_gyro_init
 .text.ICM20602_GYRO_READ
                0x0000000008008c44       0x58 ./Core/Src/PL_gyro.o
                0x0000000008008c44                ICM20602_GYRO_READ
 .text.ICM20602_ACCEL_READ
                0x0000000008008c9c       0x58 ./Core/Src/PL_gyro.o
                0x0000000008008c9c                ICM20602_ACCEL_READ
 .text.ICM20602_DataUpdate
                0x0000000008008cf4       0x48 ./Core/Src/PL_gyro.o
                0x0000000008008cf4                ICM20602_DataUpdate
 .text.pl_motor_init
                0x0000000008008d3c       0x4c ./Core/Src/PL_motor.o
                0x0000000008008d3c                pl_motor_init
 .text.pl_DriveMotor_standby
                0x0000000008008d88       0x14 ./Core/Src/PL_motor.o
                0x0000000008008d88                pl_DriveMotor_standby
 .text.pl_L_DriveMotor_mode
                0x0000000008008d9c       0x50 ./Core/Src/PL_motor.o
                0x0000000008008d9c                pl_L_DriveMotor_mode
 .text.pl_R_DriveMotor_mode
                0x0000000008008dec       0x4c ./Core/Src/PL_motor.o
                0x0000000008008dec                pl_R_DriveMotor_mode
 .text.pl_DriveMotor_start
                0x0000000008008e38       0x1c ./Core/Src/PL_motor.o
                0x0000000008008e38                pl_DriveMotor_start
 .text.pl_DriveMotor_stop
                0x0000000008008e54       0x1c ./Core/Src/PL_motor.o
                0x0000000008008e54                pl_DriveMotor_stop
 .text.pl_DriveMotor_duty
                0x0000000008008e70       0x2c ./Core/Src/PL_motor.o
                0x0000000008008e70                pl_DriveMotor_duty
 .text.pl_FunMotor_start
                0x0000000008008e9c       0x14 ./Core/Src/PL_motor.o
                0x0000000008008e9c                pl_FunMotor_start
 .text.pl_FunMotor_stop
                0x0000000008008eb0       0x14 ./Core/Src/PL_motor.o
                0x0000000008008eb0                pl_FunMotor_stop
 .text.pl_FunMotor_duty
                0x0000000008008ec4       0x4c ./Core/Src/PL_motor.o
                0x0000000008008ec4                pl_FunMotor_duty
 .text.pl_sensor_init
                0x0000000008008f10       0x20 ./Core/Src/PL_sensor.o
                0x0000000008008f10                pl_sensor_init
 .text.pl_getbatt
                0x0000000008008f30      0x104 ./Core/Src/PL_sensor.o
                0x0000000008008f30                pl_getbatt
 *fill*         0x0000000008009034        0x4 
 .text.pl_callback_getSensor
                0x0000000008009038      0x234 ./Core/Src/PL_sensor.o
                0x0000000008009038                pl_callback_getSensor
 .text.pl_interupt_getSensor
                0x000000000800926c       0x1c ./Core/Src/PL_sensor.o
                0x000000000800926c                pl_interupt_getSensor
 .text.pl_timer_init
                0x0000000008009288       0x28 ./Core/Src/PL_timer.o
                0x0000000008009288                pl_timer_init
 .text.interrupt_timer
                0x00000000080092b0       0x54 ./Core/Src/PL_timer.o
                0x00000000080092b0                interrupt_timer
 .text.tic_timer
                0x0000000008009304       0x24 ./Core/Src/PL_timer.o
                0x0000000008009304                tic_timer
 .text.toc_timer
                0x0000000008009328       0x38 ./Core/Src/PL_timer.o
                0x0000000008009328                toc_timer
 .text.wait_ms  0x0000000008009360       0x88 ./Core/Src/PL_timer.o
                0x0000000008009360                wait_ms
 .text.wait_ms_NoReset
                0x00000000080093e8       0x7c ./Core/Src/PL_timer.o
                0x00000000080093e8                wait_ms_NoReset
 .text.MX_ADC1_Init
                0x0000000008009464      0x194 ./Core/Src/adc.o
                0x0000000008009464                MX_ADC1_Init
 .text.HAL_ADC_MspInit
                0x00000000080095f8      0x150 ./Core/Src/adc.o
                0x00000000080095f8                HAL_ADC_MspInit
 .text.HAL_ADC_ConvCpltCallback
                0x0000000008009748       0x14 ./Core/Src/adc.o
                0x0000000008009748                HAL_ADC_ConvCpltCallback
 .text.cal_table
                0x000000000800975c      0x6b0 ./Core/Src/cal_acceleration.o
                0x000000000800975c                cal_table
 .text.cal_table_dis
                0x0000000008009e0c      0x704 ./Core/Src/cal_acceleration.o
                0x0000000008009e0c                cal_table_dis
 .text.cal_table_max
                0x000000000800a510      0x860 ./Core/Src/cal_acceleration.o
                0x000000000800a510                cal_table_max
 .text.cal_mollifier_table
                0x000000000800ad70      0x4b0 ./Core/Src/cal_acceleration.o
                0x000000000800ad70                cal_mollifier_table
 .text.cal_mollifier_velocity
                0x000000000800b220       0xc0 ./Core/Src/cal_acceleration.o
                0x000000000800b220                cal_mollifier_velocity
 .text.cal_mollifier_acceleration
                0x000000000800b2e0      0x118 ./Core/Src/cal_acceleration.o
                0x000000000800b2e0                cal_mollifier_acceleration
 .text.MX_DMA_Init
                0x000000000800b3f8       0x54 ./Core/Src/dma.o
                0x000000000800b3f8                MX_DMA_Init
 .text.init_FailSafe
                0x000000000800b44c       0x84 ./Core/Src/fail_safe.o
                0x000000000800b44c                init_FailSafe
 .text.interrupt_FailSafe
                0x000000000800b4d0      0x254 ./Core/Src/fail_safe.o
                0x000000000800b4d0                interrupt_FailSafe
 .text.MX_GPIO_Init
                0x000000000800b724      0x10c ./Core/Src/gpio.o
                0x000000000800b724                MX_GPIO_Init
 .text.main     0x000000000800b830      0x164 ./Core/Src/main.o
                0x000000000800b830                main
 .text.SystemClock_Config
                0x000000000800b994       0x96 ./Core/Src/main.o
                0x000000000800b994                SystemClock_Config
 .text.Error_Handler
                0x000000000800ba2a        0xa ./Core/Src/main.o
                0x000000000800ba2a                Error_Handler
 .text.backTurn_controlWall
                0x000000000800ba34      0x1a4 ./Core/Src/maze_Turning.o
                0x000000000800ba34                backTurn_controlWall
 .text.slalomR  0x000000000800bbd8      0x3cc ./Core/Src/maze_Turning.o
                0x000000000800bbd8                slalomR
 .text.slalomL  0x000000000800bfa4      0x3c4 ./Core/Src/maze_Turning.o
                0x000000000800bfa4                slalomL
 .text.turn90R  0x000000000800c368      0x2d4 ./Core/Src/maze_Turning.o
                0x000000000800c368                turn90R
 .text.turn90L  0x000000000800c63c      0x2c8 ./Core/Src/maze_Turning.o
                0x000000000800c63c                turn90L
 .text.turn180R
                0x000000000800c904      0x2d4 ./Core/Src/maze_Turning.o
                0x000000000800c904                turn180R
 .text.turn180L
                0x000000000800cbd8      0x2cc ./Core/Src/maze_Turning.o
                0x000000000800cbd8                turn180L
 *fill*         0x000000000800cea4        0x4 
 .text.turn45inR
                0x000000000800cea8      0x490 ./Core/Src/maze_Turning.o
                0x000000000800cea8                turn45inR
 .text.turn45inL
                0x000000000800d338      0x480 ./Core/Src/maze_Turning.o
                0x000000000800d338                turn45inL
 .text.turn135inR
                0x000000000800d7b8      0x490 ./Core/Src/maze_Turning.o
                0x000000000800d7b8                turn135inR
 .text.turn135inL
                0x000000000800dc48      0x488 ./Core/Src/maze_Turning.o
                0x000000000800dc48                turn135inL
 .text.turn45outR
                0x000000000800e0d0      0x3e4 ./Core/Src/maze_Turning.o
                0x000000000800e0d0                turn45outR
 .text.turn45outL
                0x000000000800e4b4      0x3d0 ./Core/Src/maze_Turning.o
                0x000000000800e4b4                turn45outL
 .text.turn135outR
                0x000000000800e884      0x3e4 ./Core/Src/maze_Turning.o
                0x000000000800e884                turn135outR
 .text.turn135outL
                0x000000000800ec68      0x3d4 ./Core/Src/maze_Turning.o
                0x000000000800ec68                turn135outL
 *fill*         0x000000000800f03c        0x4 
 .text.V90R     0x000000000800f040      0x414 ./Core/Src/maze_Turning.o
                0x000000000800f040                V90R
 *fill*         0x000000000800f454        0x4 
 .text.V90L     0x000000000800f458      0x408 ./Core/Src/maze_Turning.o
                0x000000000800f458                V90L
 .text.testturning
                0x000000000800f860      0x30c ./Core/Src/maze_Turning.o
                0x000000000800f860                testturning
 .text.get_wallData_sensor
                0x000000000800fb6c       0x5c ./Core/Src/maze_strategy.o
                0x000000000800fb6c                get_wallData_sensor
 .text.update_coordinate
                0x000000000800fbc8       0x68 ./Core/Src/maze_strategy.o
                0x000000000800fbc8                update_coordinate
 .text.run_movement_continuity
                0x000000000800fc30      0x200 ./Core/Src/maze_strategy.o
                0x000000000800fc30                run_movement_continuity
 .text.run_movement_suspension
                0x000000000800fe30      0x2f4 ./Core/Src/maze_strategy.o
                0x000000000800fe30                run_movement_suspension
 .text.AdatiWayReturn
                0x0000000008010124      0x7d4 ./Core/Src/maze_strategy.o
                0x0000000008010124                AdatiWayReturn
 .text.pass_maker_Dijkstra
                0x00000000080108f8      0x248 ./Core/Src/maze_strategy.o
                0x00000000080108f8                pass_maker_Dijkstra
 .text.run_shortest
                0x0000000008010b40     0x1458 ./Core/Src/maze_strategy.o
                0x0000000008010b40                run_shortest
 .text.decision_kitiku
                0x0000000008011f98       0xe4 ./Core/Src/maze_strategy.o
                0x0000000008011f98                decision_kitiku
 .text.compress_kitiku
                0x000000000801207c      0x3a8 ./Core/Src/maze_strategy.o
                0x000000000801207c                compress_kitiku
 .text.maze_out_matlab
                0x0000000008012424       0x5c ./Core/Src/maze_wall.o
                0x0000000008012424                maze_out_matlab
 .text.maze_clear
                0x0000000008012480      0x1c0 ./Core/Src/maze_wall.o
                0x0000000008012480                maze_clear
 .text.update_wall
                0x0000000008012640      0x428 ./Core/Src/maze_wall.o
                0x0000000008012640                update_wall
 .text.get_wall
                0x0000000008012a68      0x2b8 ./Core/Src/maze_wall.o
                0x0000000008012a68                get_wall
 .text.get_wall_look
                0x0000000008012d20      0x2c4 ./Core/Src/maze_wall.o
                0x0000000008012d20                get_wall_look
 .text.search_AroundWalkCount
                0x0000000008012fe4      0x11c ./Core/Src/maze_wall.o
                0x0000000008012fe4                search_AroundWalkCount
 .text.search_AroundDijkstraCount
                0x0000000008013100      0x134 ./Core/Src/maze_wall.o
                0x0000000008013100                search_AroundDijkstraCount
 .text.create_DijkstraMap
                0x0000000008013234     0x1a70 ./Core/Src/maze_wall.o
                0x0000000008013234                create_DijkstraMap
 .text.route_Dijkstra
                0x0000000008014ca4      0x96c ./Core/Src/maze_wall.o
                0x0000000008014ca4                route_Dijkstra
 .text.create_StepCountMap_unknown
                0x0000000008015610      0x664 ./Core/Src/maze_wall.o
                0x0000000008015610                create_StepCountMap_unknown
 .text.create_StepCountMap_queue
                0x0000000008015c74      0x5cc ./Core/Src/maze_wall.o
                0x0000000008015c74                create_StepCountMap_queue
 .text.create_StepCountMapBack_queue
                0x0000000008016240      0x5a8 ./Core/Src/maze_wall.o
                0x0000000008016240                create_StepCountMapBack_queue
 .text.initStack_walk
                0x00000000080167e8       0x20 ./Core/Src/maze_wall.o
                0x00000000080167e8                initStack_walk
 .text.pushStack_walk
                0x0000000008016808       0x54 ./Core/Src/maze_wall.o
                0x0000000008016808                pushStack_walk
 .text.popStack_walk
                0x000000000801685c       0x54 ./Core/Src/maze_wall.o
                0x000000000801685c                popStack_walk
 .text.maze_display
                0x00000000080168b0      0x228 ./Core/Src/maze_wall.o
                0x00000000080168b0                maze_display
 .text.maze_display_Dijkstra
                0x0000000008016ad8      0x1c8 ./Core/Src/maze_wall.o
                0x0000000008016ad8                maze_display_Dijkstra
 .text.mode_decision
                0x0000000008016ca0      0x1f4 ./Core/Src/mode_select.o
                0x0000000008016ca0                mode_decision
 .text.mode_execution
                0x0000000008016e94      0x184 ./Core/Src/mode_select.o
                0x0000000008016e94                mode_execution
 .text.mode_PLtest
                0x0000000008017018      0x3d0 ./Core/Src/mode_select.o
                0x0000000008017018                mode_PLtest
 .text.mode_Running
                0x00000000080173e8      0x4d0 ./Core/Src/mode_select.o
                0x00000000080173e8                mode_Running
 .text.mode_Tuning0
                0x00000000080178b8      0x6f8 ./Core/Src/mode_select.o
                0x00000000080178b8                mode_Tuning0
 .text.mode_WallSensorTuning
                0x0000000008017fb0      0x508 ./Core/Src/mode_select.o
                0x0000000008017fb0                mode_WallSensorTuning
 .text.mode_WallSensorTuning_fast
                0x00000000080184b8      0x528 ./Core/Src/mode_select.o
                0x00000000080184b8                mode_WallSensorTuning_fast
 .text.record_reset
                0x00000000080189e0       0x2c ./Core/Src/record.o
                0x00000000080189e0                record_reset
 .text.record_data
                0x0000000008018a0c       0x8c ./Core/Src/record.o
                0x0000000008018a0c                record_data
 .text.record_print
                0x0000000008018a98      0x108 ./Core/Src/record.o
                0x0000000008018a98                record_print
 .text.interrupt_record
                0x0000000008018ba0      0x39c ./Core/Src/record.o
                0x0000000008018ba0                interrupt_record
 .text.MX_SPI1_Init
                0x0000000008018f3c       0x7c ./Core/Src/spi.o
                0x0000000008018f3c                MX_SPI1_Init
 .text.MX_SPI3_Init
                0x0000000008018fb8       0x7c ./Core/Src/spi.o
                0x0000000008018fb8                MX_SPI3_Init
 .text.HAL_SPI_MspInit
                0x0000000008019034      0x128 ./Core/Src/spi.o
                0x0000000008019034                HAL_SPI_MspInit
 .text.HAL_MspInit
                0x000000000801915c       0x48 ./Core/Src/stm32g4xx_hal_msp.o
                0x000000000801915c                HAL_MspInit
 .text.NMI_Handler
                0x00000000080191a4        0x6 ./Core/Src/stm32g4xx_it.o
                0x00000000080191a4                NMI_Handler
 .text.HardFault_Handler
                0x00000000080191aa        0x6 ./Core/Src/stm32g4xx_it.o
                0x00000000080191aa                HardFault_Handler
 .text.MemManage_Handler
                0x00000000080191b0        0x6 ./Core/Src/stm32g4xx_it.o
                0x00000000080191b0                MemManage_Handler
 .text.BusFault_Handler
                0x00000000080191b6        0x6 ./Core/Src/stm32g4xx_it.o
                0x00000000080191b6                BusFault_Handler
 .text.UsageFault_Handler
                0x00000000080191bc        0x6 ./Core/Src/stm32g4xx_it.o
                0x00000000080191bc                UsageFault_Handler
 .text.SVC_Handler
                0x00000000080191c2        0xe ./Core/Src/stm32g4xx_it.o
                0x00000000080191c2                SVC_Handler
 .text.DebugMon_Handler
                0x00000000080191d0        0xe ./Core/Src/stm32g4xx_it.o
                0x00000000080191d0                DebugMon_Handler
 .text.PendSV_Handler
                0x00000000080191de        0xe ./Core/Src/stm32g4xx_it.o
                0x00000000080191de                PendSV_Handler
 .text.SysTick_Handler
                0x00000000080191ec        0xc ./Core/Src/stm32g4xx_it.o
                0x00000000080191ec                SysTick_Handler
 .text.DMA1_Channel1_IRQHandler
                0x00000000080191f8       0x14 ./Core/Src/stm32g4xx_it.o
                0x00000000080191f8                DMA1_Channel1_IRQHandler
 .text.ADC1_2_IRQHandler
                0x000000000801920c       0x14 ./Core/Src/stm32g4xx_it.o
                0x000000000801920c                ADC1_2_IRQHandler
 .text.TIM6_DAC_IRQHandler
                0x0000000008019220       0x40 ./Core/Src/stm32g4xx_it.o
                0x0000000008019220                TIM6_DAC_IRQHandler
 .text._getpid  0x0000000008019260       0x10 ./Core/Src/syscalls.o
                0x0000000008019260                _getpid
 .text._kill    0x0000000008019270       0x20 ./Core/Src/syscalls.o
                0x0000000008019270                _kill
 .text._exit    0x0000000008019290       0x14 ./Core/Src/syscalls.o
                0x0000000008019290                _exit
 .text._read    0x00000000080192a4       0x3a ./Core/Src/syscalls.o
                0x00000000080192a4                _read
 *fill*         0x00000000080192de        0x2 
 .text._write   0x00000000080192e0       0x40 ./Core/Src/syscalls.o
                0x00000000080192e0                _write
 .text._close   0x0000000008019320       0x18 ./Core/Src/syscalls.o
                0x0000000008019320                _close
 .text._fstat   0x0000000008019338       0x20 ./Core/Src/syscalls.o
                0x0000000008019338                _fstat
 .text._isatty  0x0000000008019358       0x16 ./Core/Src/syscalls.o
                0x0000000008019358                _isatty
 .text._lseek   0x000000000801936e       0x1a ./Core/Src/syscalls.o
                0x000000000801936e                _lseek
 .text._sbrk    0x0000000008019388       0x6c ./Core/Src/sysmem.o
                0x0000000008019388                _sbrk
 .text.SystemInit
                0x00000000080193f4       0x24 ./Core/Src/system_stm32g4xx.o
                0x00000000080193f4                SystemInit
 .text.MX_TIM6_Init
                0x0000000008019418       0x6c ./Core/Src/tim.o
                0x0000000008019418                MX_TIM6_Init
 .text.MX_TIM8_Init
                0x0000000008019484      0x140 ./Core/Src/tim.o
                0x0000000008019484                MX_TIM8_Init
 .text.MX_TIM16_Init
                0x00000000080195c4       0xf0 ./Core/Src/tim.o
                0x00000000080195c4                MX_TIM16_Init
 .text.HAL_TIM_Base_MspInit
                0x00000000080196b4       0x74 ./Core/Src/tim.o
                0x00000000080196b4                HAL_TIM_Base_MspInit
 .text.HAL_TIM_PWM_MspInit
                0x0000000008019728       0x40 ./Core/Src/tim.o
                0x0000000008019728                HAL_TIM_PWM_MspInit
 .text.HAL_TIM_MspPostInit
                0x0000000008019768       0xdc ./Core/Src/tim.o
                0x0000000008019768                HAL_TIM_MspPostInit
 .text.get_center_velocity
                0x0000000008019844      0x13e ./Core/Src/turning_parameter.o
                0x0000000008019844                get_center_velocity
 *fill*         0x0000000008019982        0x2 
 .text.input_parameter
                0x0000000008019984      0xe24 ./Core/Src/turning_parameter.o
                0x0000000008019984                input_parameter
 .text.MX_USART1_UART_Init
                0x000000000801a7a8       0x98 ./Core/Src/usart.o
                0x000000000801a7a8                MX_USART1_UART_Init
 .text.HAL_UART_MspInit
                0x000000000801a840       0xb0 ./Core/Src/usart.o
                0x000000000801a840                HAL_UART_MspInit
 .text.Reset_Handler
                0x000000000801a8f0       0x50 ./Core/Startup/startup_stm32g491ceux.o
                0x000000000801a8f0                Reset_Handler
 .text.Default_Handler
                0x000000000801a940        0x2 ./Core/Startup/startup_stm32g491ceux.o
                0x000000000801a940                RTC_Alarm_IRQHandler
                0x000000000801a940                EXTI2_IRQHandler
                0x000000000801a940                TIM8_TRG_COM_IRQHandler
                0x000000000801a940                TIM8_CC_IRQHandler
                0x000000000801a940                TIM1_CC_IRQHandler
                0x000000000801a940                USB_HP_IRQHandler
                0x000000000801a940                CORDIC_IRQHandler
                0x000000000801a940                DMA2_Channel8_IRQHandler
                0x000000000801a940                EXTI3_IRQHandler
                0x000000000801a940                I2C3_ER_IRQHandler
                0x000000000801a940                EXTI0_IRQHandler
                0x000000000801a940                I2C2_EV_IRQHandler
                0x000000000801a940                FPU_IRQHandler
                0x000000000801a940                FDCAN1_IT1_IRQHandler
                0x000000000801a940                TIM1_UP_TIM16_IRQHandler
                0x000000000801a940                SPI1_IRQHandler
                0x000000000801a940                TIM8_UP_IRQHandler
                0x000000000801a940                DMA2_Channel2_IRQHandler
                0x000000000801a940                DMA1_Channel4_IRQHandler
                0x000000000801a940                TIM20_TRG_COM_IRQHandler
                0x000000000801a940                USART3_IRQHandler
                0x000000000801a940                DMA1_Channel7_IRQHandler
                0x000000000801a940                UART5_IRQHandler
                0x000000000801a940                ADC3_IRQHandler
                0x000000000801a940                TIM4_IRQHandler
                0x000000000801a940                DMA2_Channel1_IRQHandler
                0x000000000801a940                QUADSPI_IRQHandler
                0x000000000801a940                I2C1_EV_IRQHandler
                0x000000000801a940                DMA1_Channel6_IRQHandler
                0x000000000801a940                UART4_IRQHandler
                0x000000000801a940                DMA2_Channel4_IRQHandler
                0x000000000801a940                TIM3_IRQHandler
                0x000000000801a940                RCC_IRQHandler
                0x000000000801a940                TIM20_UP_IRQHandler
                0x000000000801a940                Default_Handler
                0x000000000801a940                DMA2_Channel7_IRQHandler
                0x000000000801a940                RTC_TAMP_LSECSS_IRQHandler
                0x000000000801a940                FMAC_IRQHandler
                0x000000000801a940                EXTI15_10_IRQHandler
                0x000000000801a940                DMA1_Channel8_IRQHandler
                0x000000000801a940                TIM7_IRQHandler
                0x000000000801a940                UCPD1_IRQHandler
                0x000000000801a940                I2C3_EV_IRQHandler
                0x000000000801a940                EXTI9_5_IRQHandler
                0x000000000801a940                RTC_WKUP_IRQHandler
                0x000000000801a940                PVD_PVM_IRQHandler
                0x000000000801a940                SPI2_IRQHandler
                0x000000000801a940                DMA2_Channel5_IRQHandler
                0x000000000801a940                CRS_IRQHandler
                0x000000000801a940                DMA1_Channel5_IRQHandler
                0x000000000801a940                USB_LP_IRQHandler
                0x000000000801a940                EXTI4_IRQHandler
                0x000000000801a940                RNG_IRQHandler
                0x000000000801a940                TIM1_TRG_COM_TIM17_IRQHandler
                0x000000000801a940                FDCAN2_IT1_IRQHandler
                0x000000000801a940                DMA1_Channel3_IRQHandler
                0x000000000801a940                WWDG_IRQHandler
                0x000000000801a940                FDCAN2_IT0_IRQHandler
                0x000000000801a940                LPUART1_IRQHandler
                0x000000000801a940                DMA2_Channel6_IRQHandler
                0x000000000801a940                FDCAN1_IT0_IRQHandler
                0x000000000801a940                TIM2_IRQHandler
                0x000000000801a940                COMP1_2_3_IRQHandler
                0x000000000801a940                EXTI1_IRQHandler
                0x000000000801a940                USART2_IRQHandler
                0x000000000801a940                TIM20_BRK_IRQHandler
                0x000000000801a940                I2C2_ER_IRQHandler
                0x000000000801a940                DMA1_Channel2_IRQHandler
                0x000000000801a940                TIM8_BRK_IRQHandler
                0x000000000801a940                FLASH_IRQHandler
                0x000000000801a940                TIM20_CC_IRQHandler
                0x000000000801a940                USART1_IRQHandler
                0x000000000801a940                SPI3_IRQHandler
                0x000000000801a940                I2C1_ER_IRQHandler
                0x000000000801a940                LPTIM1_IRQHandler
                0x000000000801a940                DMAMUX_OVR_IRQHandler
                0x000000000801a940                USBWakeUp_IRQHandler
                0x000000000801a940                SAI1_IRQHandler
                0x000000000801a940                DMA2_Channel3_IRQHandler
                0x000000000801a940                COMP4_IRQHandler
                0x000000000801a940                TIM1_BRK_TIM15_IRQHandler
 *fill*         0x000000000801a942        0x2 
 .text.HAL_Init
                0x000000000801a944       0x40 ./Drivers/STM32G4xx_HAL_Driver/Src/stm32g4xx_hal.o
                0x000000000801a944                HAL_Init
 .text.HAL_InitTick
                0x000000000801a984       0x74 ./Drivers/STM32G4xx_HAL_Driver/Src/stm32g4xx_hal.o
                0x000000000801a984                HAL_InitTick
 .text.HAL_IncTick
                0x000000000801a9f8       0x24 ./Drivers/STM32G4xx_HAL_Driver/Src/stm32g4xx_hal.o
                0x000000000801a9f8                HAL_IncTick
 .text.HAL_GetTick
                0x000000000801aa1c       0x18 ./Drivers/STM32G4xx_HAL_Driver/Src/stm32g4xx_hal.o
                0x000000000801aa1c                HAL_GetTick
 .text.HAL_Delay
                0x000000000801aa34       0x44 ./Drivers/STM32G4xx_HAL_Driver/Src/stm32g4xx_hal.o
                0x000000000801aa34                HAL_Delay
 .text.LL_ADC_SetCommonClock
                0x000000000801aa78       0x26 ./Drivers/STM32G4xx_HAL_Driver/Src/stm32g4xx_hal_adc.o
 .text.LL_ADC_SetCommonPathInternalCh
                0x000000000801aa9e       0x26 ./Drivers/STM32G4xx_HAL_Driver/Src/stm32g4xx_hal_adc.o
 .text.LL_ADC_GetCommonPathInternalCh
                0x000000000801aac4       0x1c ./Drivers/STM32G4xx_HAL_Driver/Src/stm32g4xx_hal_adc.o
 .text.LL_ADC_SetOffset
                0x000000000801aae0       0x48 ./Drivers/STM32G4xx_HAL_Driver/Src/stm32g4xx_hal_adc.o
 .text.LL_ADC_GetOffsetChannel
                0x000000000801ab28       0x2c ./Drivers/STM32G4xx_HAL_Driver/Src/stm32g4xx_hal_adc.o
 .text.LL_ADC_SetOffsetState
                0x000000000801ab54       0x36 ./Drivers/STM32G4xx_HAL_Driver/Src/stm32g4xx_hal_adc.o
 .text.LL_ADC_SetOffsetSign
                0x000000000801ab8a       0x36 ./Drivers/STM32G4xx_HAL_Driver/Src/stm32g4xx_hal_adc.o
 .text.LL_ADC_SetOffsetSaturation
                0x000000000801abc0       0x36 ./Drivers/STM32G4xx_HAL_Driver/Src/stm32g4xx_hal_adc.o
 .text.LL_ADC_SetSamplingTimeCommonConfig
                0x000000000801abf6       0x26 ./Drivers/STM32G4xx_HAL_Driver/Src/stm32g4xx_hal_adc.o
 .text.LL_ADC_REG_IsTriggerSourceSWStart
                0x000000000801ac1c       0x26 ./Drivers/STM32G4xx_HAL_Driver/Src/stm32g4xx_hal_adc.o
 .text.LL_ADC_REG_SetSequencerRanks
                0x000000000801ac42       0x58 ./Drivers/STM32G4xx_HAL_Driver/Src/stm32g4xx_hal_adc.o
 .text.LL_ADC_INJ_IsTriggerSourceSWStart
                0x000000000801ac9a       0x26 ./Drivers/STM32G4xx_HAL_Driver/Src/stm32g4xx_hal_adc.o
 .text.LL_ADC_SetChannelSamplingTime
                0x000000000801acc0       0x56 ./Drivers/STM32G4xx_HAL_Driver/Src/stm32g4xx_hal_adc.o
 *fill*         0x000000000801ad16        0x2 
 .text.LL_ADC_SetChannelSingleDiff
                0x000000000801ad18       0x50 ./Drivers/STM32G4xx_HAL_Driver/Src/stm32g4xx_hal_adc.o
 .text.LL_ADC_GetMultimode
                0x000000000801ad68       0x1c ./Drivers/STM32G4xx_HAL_Driver/Src/stm32g4xx_hal_adc.o
 .text.LL_ADC_GetMultiDMATransfer
                0x000000000801ad84       0x1c ./Drivers/STM32G4xx_HAL_Driver/Src/stm32g4xx_hal_adc.o
 .text.LL_ADC_DisableDeepPowerDown
                0x000000000801ada0       0x24 ./Drivers/STM32G4xx_HAL_Driver/Src/stm32g4xx_hal_adc.o
 .text.LL_ADC_IsDeepPowerDownEnabled
                0x000000000801adc4       0x28 ./Drivers/STM32G4xx_HAL_Driver/Src/stm32g4xx_hal_adc.o
 .text.LL_ADC_EnableInternalRegulator
                0x000000000801adec       0x28 ./Drivers/STM32G4xx_HAL_Driver/Src/stm32g4xx_hal_adc.o
 .text.LL_ADC_IsInternalRegulatorEnabled
                0x000000000801ae14       0x28 ./Drivers/STM32G4xx_HAL_Driver/Src/stm32g4xx_hal_adc.o
 .text.LL_ADC_Enable
                0x000000000801ae3c       0x28 ./Drivers/STM32G4xx_HAL_Driver/Src/stm32g4xx_hal_adc.o
 .text.LL_ADC_Disable
                0x000000000801ae64       0x28 ./Drivers/STM32G4xx_HAL_Driver/Src/stm32g4xx_hal_adc.o
 .text.LL_ADC_IsEnabled
                0x000000000801ae8c       0x26 ./Drivers/STM32G4xx_HAL_Driver/Src/stm32g4xx_hal_adc.o
 .text.LL_ADC_IsDisableOngoing
                0x000000000801aeb2       0x26 ./Drivers/STM32G4xx_HAL_Driver/Src/stm32g4xx_hal_adc.o
 .text.LL_ADC_REG_StartConversion
                0x000000000801aed8       0x28 ./Drivers/STM32G4xx_HAL_Driver/Src/stm32g4xx_hal_adc.o
 .text.LL_ADC_REG_StopConversion
                0x000000000801af00       0x28 ./Drivers/STM32G4xx_HAL_Driver/Src/stm32g4xx_hal_adc.o
 .text.LL_ADC_REG_IsConversionOngoing
                0x000000000801af28       0x26 ./Drivers/STM32G4xx_HAL_Driver/Src/stm32g4xx_hal_adc.o
 .text.LL_ADC_INJ_StopConversion
                0x000000000801af4e       0x28 ./Drivers/STM32G4xx_HAL_Driver/Src/stm32g4xx_hal_adc.o
 .text.LL_ADC_INJ_IsConversionOngoing
                0x000000000801af76       0x26 ./Drivers/STM32G4xx_HAL_Driver/Src/stm32g4xx_hal_adc.o
 .text.HAL_ADC_Init
                0x000000000801af9c      0x368 ./Drivers/STM32G4xx_HAL_Driver/Src/stm32g4xx_hal_adc.o
                0x000000000801af9c                HAL_ADC_Init
 .text.HAL_ADC_Start
                0x000000000801b304      0x194 ./Drivers/STM32G4xx_HAL_Driver/Src/stm32g4xx_hal_adc.o
                0x000000000801b304                HAL_ADC_Start
 .text.HAL_ADC_Stop
                0x000000000801b498       0x66 ./Drivers/STM32G4xx_HAL_Driver/Src/stm32g4xx_hal_adc.o
                0x000000000801b498                HAL_ADC_Stop
 *fill*         0x000000000801b4fe        0x2 
 .text.HAL_ADC_PollForConversion
                0x000000000801b500      0x1e8 ./Drivers/STM32G4xx_HAL_Driver/Src/stm32g4xx_hal_adc.o
                0x000000000801b500                HAL_ADC_PollForConversion
 .text.HAL_ADC_Start_DMA
                0x000000000801b6e8      0x194 ./Drivers/STM32G4xx_HAL_Driver/Src/stm32g4xx_hal_adc.o
                0x000000000801b6e8                HAL_ADC_Start_DMA
 .text.HAL_ADC_Stop_DMA
                0x000000000801b87c       0xc2 ./Drivers/STM32G4xx_HAL_Driver/Src/stm32g4xx_hal_adc.o
                0x000000000801b87c                HAL_ADC_Stop_DMA
 .text.HAL_ADC_GetValue
                0x000000000801b93e       0x1a ./Drivers/STM32G4xx_HAL_Driver/Src/stm32g4xx_hal_adc.o
                0x000000000801b93e                HAL_ADC_GetValue
 .text.HAL_ADC_IRQHandler
                0x000000000801b958      0x474 ./Drivers/STM32G4xx_HAL_Driver/Src/stm32g4xx_hal_adc.o
                0x000000000801b958                HAL_ADC_IRQHandler
 .text.HAL_ADC_ConvHalfCpltCallback
                0x000000000801bdcc       0x14 ./Drivers/STM32G4xx_HAL_Driver/Src/stm32g4xx_hal_adc.o
                0x000000000801bdcc                HAL_ADC_ConvHalfCpltCallback
 .text.HAL_ADC_LevelOutOfWindowCallback
                0x000000000801bde0       0x14 ./Drivers/STM32G4xx_HAL_Driver/Src/stm32g4xx_hal_adc.o
                0x000000000801bde0                HAL_ADC_LevelOutOfWindowCallback
 .text.HAL_ADC_ErrorCallback
                0x000000000801bdf4       0x14 ./Drivers/STM32G4xx_HAL_Driver/Src/stm32g4xx_hal_adc.o
                0x000000000801bdf4                HAL_ADC_ErrorCallback
 .text.HAL_ADC_ConfigChannel
                0x000000000801be08      0x858 ./Drivers/STM32G4xx_HAL_Driver/Src/stm32g4xx_hal_adc.o
                0x000000000801be08                HAL_ADC_ConfigChannel
 .text.ADC_ConversionStop
                0x000000000801c660      0x178 ./Drivers/STM32G4xx_HAL_Driver/Src/stm32g4xx_hal_adc.o
                0x000000000801c660                ADC_ConversionStop
 .text.ADC_Enable
                0x000000000801c7d8       0xc4 ./Drivers/STM32G4xx_HAL_Driver/Src/stm32g4xx_hal_adc.o
                0x000000000801c7d8                ADC_Enable
 .text.ADC_Disable
                0x000000000801c89c       0xbe ./Drivers/STM32G4xx_HAL_Driver/Src/stm32g4xx_hal_adc.o
                0x000000000801c89c                ADC_Disable
 .text.ADC_DMAConvCplt
                0x000000000801c95a       0xd8 ./Drivers/STM32G4xx_HAL_Driver/Src/stm32g4xx_hal_adc.o
                0x000000000801c95a                ADC_DMAConvCplt
 .text.ADC_DMAHalfConvCplt
                0x000000000801ca32       0x1c ./Drivers/STM32G4xx_HAL_Driver/Src/stm32g4xx_hal_adc.o
                0x000000000801ca32                ADC_DMAHalfConvCplt
 .text.ADC_DMAError
                0x000000000801ca4e       0x34 ./Drivers/STM32G4xx_HAL_Driver/Src/stm32g4xx_hal_adc.o
                0x000000000801ca4e                ADC_DMAError
 .text.LL_ADC_IsEnabled
                0x000000000801ca82       0x26 ./Drivers/STM32G4xx_HAL_Driver/Src/stm32g4xx_hal_adc_ex.o
 .text.LL_ADC_StartCalibration
                0x000000000801caa8       0x32 ./Drivers/STM32G4xx_HAL_Driver/Src/stm32g4xx_hal_adc_ex.o
 .text.LL_ADC_IsCalibrationOnGoing
                0x000000000801cada       0x28 ./Drivers/STM32G4xx_HAL_Driver/Src/stm32g4xx_hal_adc_ex.o
 .text.LL_ADC_REG_IsConversionOngoing
                0x000000000801cb02       0x26 ./Drivers/STM32G4xx_HAL_Driver/Src/stm32g4xx_hal_adc_ex.o
 .text.HAL_ADCEx_Calibration_Start
                0x000000000801cb28       0xc4 ./Drivers/STM32G4xx_HAL_Driver/Src/stm32g4xx_hal_adc_ex.o
                0x000000000801cb28                HAL_ADCEx_Calibration_Start
 .text.HAL_ADCEx_InjectedConvCpltCallback
                0x000000000801cbec       0x14 ./Drivers/STM32G4xx_HAL_Driver/Src/stm32g4xx_hal_adc_ex.o
                0x000000000801cbec                HAL_ADCEx_InjectedConvCpltCallback
 .text.HAL_ADCEx_InjectedQueueOverflowCallback
                0x000000000801cc00       0x14 ./Drivers/STM32G4xx_HAL_Driver/Src/stm32g4xx_hal_adc_ex.o
                0x000000000801cc00                HAL_ADCEx_InjectedQueueOverflowCallback
 .text.HAL_ADCEx_LevelOutOfWindow2Callback
                0x000000000801cc14       0x14 ./Drivers/STM32G4xx_HAL_Driver/Src/stm32g4xx_hal_adc_ex.o
                0x000000000801cc14                HAL_ADCEx_LevelOutOfWindow2Callback
 .text.HAL_ADCEx_LevelOutOfWindow3Callback
                0x000000000801cc28       0x14 ./Drivers/STM32G4xx_HAL_Driver/Src/stm32g4xx_hal_adc_ex.o
                0x000000000801cc28                HAL_ADCEx_LevelOutOfWindow3Callback
 .text.HAL_ADCEx_EndOfSamplingCallback
                0x000000000801cc3c       0x14 ./Drivers/STM32G4xx_HAL_Driver/Src/stm32g4xx_hal_adc_ex.o
                0x000000000801cc3c                HAL_ADCEx_EndOfSamplingCallback
 .text.HAL_ADCEx_MultiModeConfigChannel
                0x000000000801cc50      0x1d0 ./Drivers/STM32G4xx_HAL_Driver/Src/stm32g4xx_hal_adc_ex.o
                0x000000000801cc50                HAL_ADCEx_MultiModeConfigChannel
 .text.__NVIC_SetPriorityGrouping
                0x000000000801ce20       0x48 ./Drivers/STM32G4xx_HAL_Driver/Src/stm32g4xx_hal_cortex.o
 .text.__NVIC_GetPriorityGrouping
                0x000000000801ce68       0x1c ./Drivers/STM32G4xx_HAL_Driver/Src/stm32g4xx_hal_cortex.o
 .text.__NVIC_EnableIRQ
                0x000000000801ce84       0x3c ./Drivers/STM32G4xx_HAL_Driver/Src/stm32g4xx_hal_cortex.o
 .text.__NVIC_SetPriority
                0x000000000801cec0       0x54 ./Drivers/STM32G4xx_HAL_Driver/Src/stm32g4xx_hal_cortex.o
 .text.NVIC_EncodePriority
                0x000000000801cf14       0x66 ./Drivers/STM32G4xx_HAL_Driver/Src/stm32g4xx_hal_cortex.o
 *fill*         0x000000000801cf7a        0x2 
 .text.SysTick_Config
                0x000000000801cf7c       0x44 ./Drivers/STM32G4xx_HAL_Driver/Src/stm32g4xx_hal_cortex.o
 .text.HAL_NVIC_SetPriorityGrouping
                0x000000000801cfc0       0x16 ./Drivers/STM32G4xx_HAL_Driver/Src/stm32g4xx_hal_cortex.o
                0x000000000801cfc0                HAL_NVIC_SetPriorityGrouping
 .text.HAL_NVIC_SetPriority
                0x000000000801cfd6       0x34 ./Drivers/STM32G4xx_HAL_Driver/Src/stm32g4xx_hal_cortex.o
                0x000000000801cfd6                HAL_NVIC_SetPriority
 .text.HAL_NVIC_EnableIRQ
                0x000000000801d00a       0x1c ./Drivers/STM32G4xx_HAL_Driver/Src/stm32g4xx_hal_cortex.o
                0x000000000801d00a                HAL_NVIC_EnableIRQ
 .text.HAL_SYSTICK_Config
                0x000000000801d026       0x18 ./Drivers/STM32G4xx_HAL_Driver/Src/stm32g4xx_hal_cortex.o
                0x000000000801d026                HAL_SYSTICK_Config
 *fill*         0x000000000801d03e        0x2 
 .text.HAL_DMA_Init
                0x000000000801d040      0x150 ./Drivers/STM32G4xx_HAL_Driver/Src/stm32g4xx_hal_dma.o
                0x000000000801d040                HAL_DMA_Init
 .text.HAL_DMA_Start_IT
                0x000000000801d190       0xf6 ./Drivers/STM32G4xx_HAL_Driver/Src/stm32g4xx_hal_dma.o
                0x000000000801d190                HAL_DMA_Start_IT
 .text.HAL_DMA_Abort
                0x000000000801d286       0xb2 ./Drivers/STM32G4xx_HAL_Driver/Src/stm32g4xx_hal_dma.o
                0x000000000801d286                HAL_DMA_Abort
 .text.HAL_DMA_IRQHandler
                0x000000000801d338      0x15e ./Drivers/STM32G4xx_HAL_Driver/Src/stm32g4xx_hal_dma.o
                0x000000000801d338                HAL_DMA_IRQHandler
 .text.DMA_SetConfig
                0x000000000801d496       0x7c ./Drivers/STM32G4xx_HAL_Driver/Src/stm32g4xx_hal_dma.o
 *fill*         0x000000000801d512        0x2 
 .text.DMA_CalcDMAMUXChannelBaseAndMask
                0x000000000801d514       0x7c ./Drivers/STM32G4xx_HAL_Driver/Src/stm32g4xx_hal_dma.o
 .text.DMA_CalcDMAMUXRequestGenBaseAndMask
                0x000000000801d590       0x48 ./Drivers/STM32G4xx_HAL_Driver/Src/stm32g4xx_hal_dma.o
 .text.HAL_FLASH_Program
                0x000000000801d5d8       0xac ./Drivers/STM32G4xx_HAL_Driver/Src/stm32g4xx_hal_flash.o
                0x000000000801d5d8                HAL_FLASH_Program
 .text.HAL_FLASH_Unlock
                0x000000000801d684       0x44 ./Drivers/STM32G4xx_HAL_Driver/Src/stm32g4xx_hal_flash.o
                0x000000000801d684                HAL_FLASH_Unlock
 .text.HAL_FLASH_Lock
                0x000000000801d6c8       0x34 ./Drivers/STM32G4xx_HAL_Driver/Src/stm32g4xx_hal_flash.o
                0x000000000801d6c8                HAL_FLASH_Lock
 .text.FLASH_WaitForLastOperation
                0x000000000801d6fc       0xa8 ./Drivers/STM32G4xx_HAL_Driver/Src/stm32g4xx_hal_flash.o
                0x000000000801d6fc                FLASH_WaitForLastOperation
 .text.FLASH_Program_DoubleWord
                0x000000000801d7a4       0x4c ./Drivers/STM32G4xx_HAL_Driver/Src/stm32g4xx_hal_flash.o
 .text.FLASH_Program_Fast
                0x000000000801d7f0       0x6c ./Drivers/STM32G4xx_HAL_Driver/Src/stm32g4xx_hal_flash.o
 .text.HAL_FLASHEx_Erase
                0x000000000801d85c      0x134 ./Drivers/STM32G4xx_HAL_Driver/Src/stm32g4xx_hal_flash_ex.o
                0x000000000801d85c                HAL_FLASHEx_Erase
 .text.FLASH_MassErase
                0x000000000801d990       0x3c ./Drivers/STM32G4xx_HAL_Driver/Src/stm32g4xx_hal_flash_ex.o
 .text.FLASH_PageErase
                0x000000000801d9cc       0x48 ./Drivers/STM32G4xx_HAL_Driver/Src/stm32g4xx_hal_flash_ex.o
                0x000000000801d9cc                FLASH_PageErase
 .text.FLASH_FlushCaches
                0x000000000801da14       0x94 ./Drivers/STM32G4xx_HAL_Driver/Src/stm32g4xx_hal_flash_ex.o
                0x000000000801da14                FLASH_FlushCaches
 .text.HAL_GPIO_Init
                0x000000000801daa8      0x304 ./Drivers/STM32G4xx_HAL_Driver/Src/stm32g4xx_hal_gpio.o
                0x000000000801daa8                HAL_GPIO_Init
 .text.HAL_GPIO_WritePin
                0x000000000801ddac       0x30 ./Drivers/STM32G4xx_HAL_Driver/Src/stm32g4xx_hal_gpio.o
                0x000000000801ddac                HAL_GPIO_WritePin
 .text.HAL_PWREx_ControlVoltageScaling
                0x000000000801dddc      0x148 ./Drivers/STM32G4xx_HAL_Driver/Src/stm32g4xx_hal_pwr_ex.o
                0x000000000801dddc                HAL_PWREx_ControlVoltageScaling
 .text.HAL_PWREx_DisableUCPDDeadBattery
                0x000000000801df24       0x20 ./Drivers/STM32G4xx_HAL_Driver/Src/stm32g4xx_hal_pwr_ex.o
                0x000000000801df24                HAL_PWREx_DisableUCPDDeadBattery
 .text.HAL_RCC_OscConfig
                0x000000000801df44      0x630 ./Drivers/STM32G4xx_HAL_Driver/Src/stm32g4xx_hal_rcc.o
                0x000000000801df44                HAL_RCC_OscConfig
 .text.HAL_RCC_ClockConfig
                0x000000000801e574      0x278 ./Drivers/STM32G4xx_HAL_Driver/Src/stm32g4xx_hal_rcc.o
                0x000000000801e574                HAL_RCC_ClockConfig
 .text.HAL_RCC_GetSysClockFreq
                0x000000000801e7ec       0xc0 ./Drivers/STM32G4xx_HAL_Driver/Src/stm32g4xx_hal_rcc.o
                0x000000000801e7ec                HAL_RCC_GetSysClockFreq
 .text.HAL_RCC_GetHCLKFreq
                0x000000000801e8ac       0x18 ./Drivers/STM32G4xx_HAL_Driver/Src/stm32g4xx_hal_rcc.o
                0x000000000801e8ac                HAL_RCC_GetHCLKFreq
 .text.HAL_RCC_GetPCLK1Freq
                0x000000000801e8c4       0x2c ./Drivers/STM32G4xx_HAL_Driver/Src/stm32g4xx_hal_rcc.o
                0x000000000801e8c4                HAL_RCC_GetPCLK1Freq
 .text.HAL_RCC_GetPCLK2Freq
                0x000000000801e8f0       0x2c ./Drivers/STM32G4xx_HAL_Driver/Src/stm32g4xx_hal_rcc.o
                0x000000000801e8f0                HAL_RCC_GetPCLK2Freq
 .text.RCC_GetSysClockFreqFromPLLSource
                0x000000000801e91c       0x88 ./Drivers/STM32G4xx_HAL_Driver/Src/stm32g4xx_hal_rcc.o
 .text.HAL_RCCEx_PeriphCLKConfig
                0x000000000801e9a4      0x478 ./Drivers/STM32G4xx_HAL_Driver/Src/stm32g4xx_hal_rcc_ex.o
                0x000000000801e9a4                HAL_RCCEx_PeriphCLKConfig
 .text.HAL_SPI_Init
                0x000000000801ee1c      0x156 ./Drivers/STM32G4xx_HAL_Driver/Src/stm32g4xx_hal_spi.o
                0x000000000801ee1c                HAL_SPI_Init
 .text.HAL_SPI_Transmit
                0x000000000801ef72      0x2dc ./Drivers/STM32G4xx_HAL_Driver/Src/stm32g4xx_hal_spi.o
                0x000000000801ef72                HAL_SPI_Transmit
 .text.HAL_SPI_Receive
                0x000000000801f24e      0x260 ./Drivers/STM32G4xx_HAL_Driver/Src/stm32g4xx_hal_spi.o
                0x000000000801f24e                HAL_SPI_Receive
 .text.HAL_SPI_TransmitReceive
                0x000000000801f4ae      0x426 ./Drivers/STM32G4xx_HAL_Driver/Src/stm32g4xx_hal_spi.o
                0x000000000801f4ae                HAL_SPI_TransmitReceive
 .text.SPI_WaitFlagStateUntilTimeout
                0x000000000801f8d4      0x110 ./Drivers/STM32G4xx_HAL_Driver/Src/stm32g4xx_hal_spi.o
 .text.SPI_WaitFifoStateUntilTimeout
                0x000000000801f9e4      0x12c ./Drivers/STM32G4xx_HAL_Driver/Src/stm32g4xx_hal_spi.o
 .text.SPI_EndRxTransaction
                0x000000000801fb10       0xb0 ./Drivers/STM32G4xx_HAL_Driver/Src/stm32g4xx_hal_spi.o
 .text.SPI_EndRxTxTransaction
                0x000000000801fbc0       0x8c ./Drivers/STM32G4xx_HAL_Driver/Src/stm32g4xx_hal_spi.o
 .text.HAL_TIM_Base_Init
                0x000000000801fc4c       0xae ./Drivers/STM32G4xx_HAL_Driver/Src/stm32g4xx_hal_tim.o
                0x000000000801fc4c                HAL_TIM_Base_Init
 *fill*         0x000000000801fcfa        0x2 
 .text.HAL_TIM_Base_Start_IT
                0x000000000801fcfc       0xe0 ./Drivers/STM32G4xx_HAL_Driver/Src/stm32g4xx_hal_tim.o
                0x000000000801fcfc                HAL_TIM_Base_Start_IT
 .text.HAL_TIM_PWM_Init
                0x000000000801fddc       0xae ./Drivers/STM32G4xx_HAL_Driver/Src/stm32g4xx_hal_tim.o
                0x000000000801fddc                HAL_TIM_PWM_Init
 *fill*         0x000000000801fe8a        0x2 
 .text.HAL_TIM_PWM_Start
                0x000000000801fe8c      0x218 ./Drivers/STM32G4xx_HAL_Driver/Src/stm32g4xx_hal_tim.o
                0x000000000801fe8c                HAL_TIM_PWM_Start
 .text.HAL_TIM_PWM_Stop
                0x00000000080200a4      0x138 ./Drivers/STM32G4xx_HAL_Driver/Src/stm32g4xx_hal_tim.o
                0x00000000080200a4                HAL_TIM_PWM_Stop
 .text.HAL_TIM_IRQHandler
                0x00000000080201dc      0x2fe ./Drivers/STM32G4xx_HAL_Driver/Src/stm32g4xx_hal_tim.o
                0x00000000080201dc                HAL_TIM_IRQHandler
 *fill*         0x00000000080204da        0x2 
 .text.HAL_TIM_PWM_ConfigChannel
                0x00000000080204dc      0x228 ./Drivers/STM32G4xx_HAL_Driver/Src/stm32g4xx_hal_tim.o
                0x00000000080204dc                HAL_TIM_PWM_ConfigChannel
 .text.HAL_TIM_PeriodElapsedCallback
                0x0000000008020704       0x14 ./Drivers/STM32G4xx_HAL_Driver/Src/stm32g4xx_hal_tim.o
                0x0000000008020704                HAL_TIM_PeriodElapsedCallback
 .text.HAL_TIM_OC_DelayElapsedCallback
                0x0000000008020718       0x14 ./Drivers/STM32G4xx_HAL_Driver/Src/stm32g4xx_hal_tim.o
                0x0000000008020718                HAL_TIM_OC_DelayElapsedCallback
 .text.HAL_TIM_IC_CaptureCallback
                0x000000000802072c       0x14 ./Drivers/STM32G4xx_HAL_Driver/Src/stm32g4xx_hal_tim.o
                0x000000000802072c                HAL_TIM_IC_CaptureCallback
 .text.HAL_TIM_PWM_PulseFinishedCallback
                0x0000000008020740       0x14 ./Drivers/STM32G4xx_HAL_Driver/Src/stm32g4xx_hal_tim.o
                0x0000000008020740                HAL_TIM_PWM_PulseFinishedCallback
 .text.HAL_TIM_TriggerCallback
                0x0000000008020754       0x14 ./Drivers/STM32G4xx_HAL_Driver/Src/stm32g4xx_hal_tim.o
                0x0000000008020754                HAL_TIM_TriggerCallback
 .text.TIM_Base_SetConfig
                0x0000000008020768      0x13c ./Drivers/STM32G4xx_HAL_Driver/Src/stm32g4xx_hal_tim.o
                0x0000000008020768                TIM_Base_SetConfig
 .text.TIM_OC1_SetConfig
                0x00000000080208a4      0x134 ./Drivers/STM32G4xx_HAL_Driver/Src/stm32g4xx_hal_tim.o
 .text.TIM_OC2_SetConfig
                0x00000000080209d8      0x128 ./Drivers/STM32G4xx_HAL_Driver/Src/stm32g4xx_hal_tim.o
                0x00000000080209d8                TIM_OC2_SetConfig
 .text.TIM_OC3_SetConfig
                0x0000000008020b00      0x124 ./Drivers/STM32G4xx_HAL_Driver/Src/stm32g4xx_hal_tim.o
 .text.TIM_OC4_SetConfig
                0x0000000008020c24      0x128 ./Drivers/STM32G4xx_HAL_Driver/Src/stm32g4xx_hal_tim.o
 .text.TIM_OC5_SetConfig
                0x0000000008020d4c       0xd4 ./Drivers/STM32G4xx_HAL_Driver/Src/stm32g4xx_hal_tim.o
 .text.TIM_OC6_SetConfig
                0x0000000008020e20       0xd8 ./Drivers/STM32G4xx_HAL_Driver/Src/stm32g4xx_hal_tim.o
 .text.TIM_CCxChannelCmd
                0x0000000008020ef8       0x4a ./Drivers/STM32G4xx_HAL_Driver/Src/stm32g4xx_hal_tim.o
                0x0000000008020ef8                TIM_CCxChannelCmd
 *fill*         0x0000000008020f42        0x2 
 .text.HAL_TIMEx_MasterConfigSynchronization
                0x0000000008020f44      0x11c ./Drivers/STM32G4xx_HAL_Driver/Src/stm32g4xx_hal_tim_ex.o
                0x0000000008020f44                HAL_TIMEx_MasterConfigSynchronization
 .text.HAL_TIMEx_ConfigBreakDeadTime
                0x0000000008021060      0x164 ./Drivers/STM32G4xx_HAL_Driver/Src/stm32g4xx_hal_tim_ex.o
                0x0000000008021060                HAL_TIMEx_ConfigBreakDeadTime
 .text.HAL_TIMEx_CommutCallback
                0x00000000080211c4       0x14 ./Drivers/STM32G4xx_HAL_Driver/Src/stm32g4xx_hal_tim_ex.o
                0x00000000080211c4                HAL_TIMEx_CommutCallback
 .text.HAL_TIMEx_BreakCallback
                0x00000000080211d8       0x14 ./Drivers/STM32G4xx_HAL_Driver/Src/stm32g4xx_hal_tim_ex.o
                0x00000000080211d8                HAL_TIMEx_BreakCallback
 .text.HAL_TIMEx_Break2Callback
                0x00000000080211ec       0x14 ./Drivers/STM32G4xx_HAL_Driver/Src/stm32g4xx_hal_tim_ex.o
                0x00000000080211ec                HAL_TIMEx_Break2Callback
 .text.HAL_TIMEx_EncoderIndexCallback
                0x0000000008021200       0x14 ./Drivers/STM32G4xx_HAL_Driver/Src/stm32g4xx_hal_tim_ex.o
                0x0000000008021200                HAL_TIMEx_EncoderIndexCallback
 .text.HAL_TIMEx_DirectionChangeCallback
                0x0000000008021214       0x14 ./Drivers/STM32G4xx_HAL_Driver/Src/stm32g4xx_hal_tim_ex.o
                0x0000000008021214                HAL_TIMEx_DirectionChangeCallback
 .text.HAL_TIMEx_IndexErrorCallback
                0x0000000008021228       0x14 ./Drivers/STM32G4xx_HAL_Driver/Src/stm32g4xx_hal_tim_ex.o
                0x0000000008021228                HAL_TIMEx_IndexErrorCallback
 .text.HAL_TIMEx_TransitionErrorCallback
                0x000000000802123c       0x14 ./Drivers/STM32G4xx_HAL_Driver/Src/stm32g4xx_hal_tim_ex.o
                0x000000000802123c                HAL_TIMEx_TransitionErrorCallback
 .text.HAL_UART_Init
                0x0000000008021250       0xa0 ./Drivers/STM32G4xx_HAL_Driver/Src/stm32g4xx_hal_uart.o
                0x0000000008021250                HAL_UART_Init
 .text.HAL_UART_Transmit
                0x00000000080212f0      0x12c ./Drivers/STM32G4xx_HAL_Driver/Src/stm32g4xx_hal_uart.o
                0x00000000080212f0                HAL_UART_Transmit
 .text.UART_SetConfig
                0x000000000802141c      0x5f8 ./Drivers/STM32G4xx_HAL_Driver/Src/stm32g4xx_hal_uart.o
                0x000000000802141c                UART_SetConfig
 .text.UART_AdvFeatureConfig
                0x0000000008021a14      0x144 ./Drivers/STM32G4xx_HAL_Driver/Src/stm32g4xx_hal_uart.o
                0x0000000008021a14                UART_AdvFeatureConfig
 .text.UART_CheckIdleState
                0x0000000008021b58       0x96 ./Drivers/STM32G4xx_HAL_Driver/Src/stm32g4xx_hal_uart.o
                0x0000000008021b58                UART_CheckIdleState
 .text.UART_WaitOnFlagUntilTimeout
                0x0000000008021bee      0x190 ./Drivers/STM32G4xx_HAL_Driver/Src/stm32g4xx_hal_uart.o
                0x0000000008021bee                UART_WaitOnFlagUntilTimeout
 .text.HAL_UARTEx_DisableFifoMode
                0x0000000008021d7e       0x72 ./Drivers/STM32G4xx_HAL_Driver/Src/stm32g4xx_hal_uart_ex.o
                0x0000000008021d7e                HAL_UARTEx_DisableFifoMode
 .text.HAL_UARTEx_SetTxFifoThreshold
                0x0000000008021df0       0x7c ./Drivers/STM32G4xx_HAL_Driver/Src/stm32g4xx_hal_uart_ex.o
                0x0000000008021df0                HAL_UARTEx_SetTxFifoThreshold
 .text.HAL_UARTEx_SetRxFifoThreshold
                0x0000000008021e6c       0x7c ./Drivers/STM32G4xx_HAL_Driver/Src/stm32g4xx_hal_uart_ex.o
                0x0000000008021e6c                HAL_UARTEx_SetRxFifoThreshold
 .text.UARTEx_SetNbDataToProcess
                0x0000000008021ee8       0x9c ./Drivers/STM32G4xx_HAL_Driver/Src/stm32g4xx_hal_uart_ex.o
 .text.__errno  0x0000000008021f84        0xc c:/st/stm32cubeide_1.9.0/stm32cubeide/plugins/com.st.stm32cube.ide.mcu.externaltools.gnu-tools-for-stm32.10.3-2021.10.win32_1.0.0.202111181127/tools/bin/../lib/gcc/arm-none-eabi/10.3.1/../../../../arm-none-eabi/lib/thumb/v7e-m+fp/hard\libc_nano.a(lib_a-errno.o)
                0x0000000008021f84                __errno
 .text.__libc_init_array
                0x0000000008021f90       0x48 c:/st/stm32cubeide_1.9.0/stm32cubeide/plugins/com.st.stm32cube.ide.mcu.externaltools.gnu-tools-for-stm32.10.3-2021.10.win32_1.0.0.202111181127/tools/bin/../lib/gcc/arm-none-eabi/10.3.1/../../../../arm-none-eabi/lib/thumb/v7e-m+fp/hard\libc_nano.a(lib_a-init.o)
                0x0000000008021f90                __libc_init_array
 .text.memcpy   0x0000000008021fd8       0x1c c:/st/stm32cubeide_1.9.0/stm32cubeide/plugins/com.st.stm32cube.ide.mcu.externaltools.gnu-tools-for-stm32.10.3-2021.10.win32_1.0.0.202111181127/tools/bin/../lib/gcc/arm-none-eabi/10.3.1/../../../../arm-none-eabi/lib/thumb/v7e-m+fp/hard\libc_nano.a(lib_a-memcpy-stub.o)
                0x0000000008021fd8                memcpy
 .text.memset   0x0000000008021ff4       0x10 c:/st/stm32cubeide_1.9.0/stm32cubeide/plugins/com.st.stm32cube.ide.mcu.externaltools.gnu-tools-for-stm32.10.3-2021.10.win32_1.0.0.202111181127/tools/bin/../lib/gcc/arm-none-eabi/10.3.1/../../../../arm-none-eabi/lib/thumb/v7e-m+fp/hard\libc_nano.a(lib_a-memset.o)
                0x0000000008021ff4                memset
 .text.__cvt    0x0000000008022004       0xc4 c:/st/stm32cubeide_1.9.0/stm32cubeide/plugins/com.st.stm32cube.ide.mcu.externaltools.gnu-tools-for-stm32.10.3-2021.10.win32_1.0.0.202111181127/tools/bin/../lib/gcc/arm-none-eabi/10.3.1/../../../../arm-none-eabi/lib/thumb/v7e-m+fp/hard\libc_nano.a(lib_a-nano-vfprintf_float.o)
                0x0000000008022004                __cvt
 .text.__exponent
                0x00000000080220c8       0x7c c:/st/stm32cubeide_1.9.0/stm32cubeide/plugins/com.st.stm32cube.ide.mcu.externaltools.gnu-tools-for-stm32.10.3-2021.10.win32_1.0.0.202111181127/tools/bin/../lib/gcc/arm-none-eabi/10.3.1/../../../../arm-none-eabi/lib/thumb/v7e-m+fp/hard\libc_nano.a(lib_a-nano-vfprintf_float.o)
                0x00000000080220c8                __exponent
 .text._printf_float
                0x0000000008022144      0x46c c:/st/stm32cubeide_1.9.0/stm32cubeide/plugins/com.st.stm32cube.ide.mcu.externaltools.gnu-tools-for-stm32.10.3-2021.10.win32_1.0.0.202111181127/tools/bin/../lib/gcc/arm-none-eabi/10.3.1/../../../../arm-none-eabi/lib/thumb/v7e-m+fp/hard\libc_nano.a(lib_a-nano-vfprintf_float.o)
                0x0000000008022144                _printf_float
 .text._printf_common
                0x00000000080225b0       0xda c:/st/stm32cubeide_1.9.0/stm32cubeide/plugins/com.st.stm32cube.ide.mcu.externaltools.gnu-tools-for-stm32.10.3-2021.10.win32_1.0.0.202111181127/tools/bin/../lib/gcc/arm-none-eabi/10.3.1/../../../../arm-none-eabi/lib/thumb/v7e-m+fp/hard\libc_nano.a(lib_a-nano-vfprintf_i.o)
                0x00000000080225b0                _printf_common
 *fill*         0x000000000802268a        0x2 
 .text._printf_i
                0x000000000802268c      0x24c c:/st/stm32cubeide_1.9.0/stm32cubeide/plugins/com.st.stm32cube.ide.mcu.externaltools.gnu-tools-for-stm32.10.3-2021.10.win32_1.0.0.202111181127/tools/bin/../lib/gcc/arm-none-eabi/10.3.1/../../../../arm-none-eabi/lib/thumb/v7e-m+fp/hard\libc_nano.a(lib_a-nano-vfprintf_i.o)
                0x000000000802268c                _printf_i
 .text.printf   0x00000000080228d8       0x30 c:/st/stm32cubeide_1.9.0/stm32cubeide/plugins/com.st.stm32cube.ide.mcu.externaltools.gnu-tools-for-stm32.10.3-2021.10.win32_1.0.0.202111181127/tools/bin/../lib/gcc/arm-none-eabi/10.3.1/../../../../arm-none-eabi/lib/thumb/v7e-m+fp/hard\libc_nano.a(lib_a-printf.o)
                0x00000000080228d8                iprintf
                0x00000000080228d8                printf
 .text.putchar  0x0000000008022908       0x2c c:/st/stm32cubeide_1.9.0/stm32cubeide/plugins/com.st.stm32cube.ide.mcu.externaltools.gnu-tools-for-stm32.10.3-2021.10.win32_1.0.0.202111181127/tools/bin/../lib/gcc/arm-none-eabi/10.3.1/../../../../arm-none-eabi/lib/thumb/v7e-m+fp/hard\libc_nano.a(lib_a-putchar.o)
                0x0000000008022908                putchar
 .text._puts_r  0x0000000008022934       0xdc c:/st/stm32cubeide_1.9.0/stm32cubeide/plugins/com.st.stm32cube.ide.mcu.externaltools.gnu-tools-for-stm32.10.3-2021.10.win32_1.0.0.202111181127/tools/bin/../lib/gcc/arm-none-eabi/10.3.1/../../../../arm-none-eabi/lib/thumb/v7e-m+fp/hard\libc_nano.a(lib_a-puts.o)
                0x0000000008022934                _puts_r
 .text.puts     0x0000000008022a10       0x10 c:/st/stm32cubeide_1.9.0/stm32cubeide/plugins/com.st.stm32cube.ide.mcu.externaltools.gnu-tools-for-stm32.10.3-2021.10.win32_1.0.0.202111181127/tools/bin/../lib/gcc/arm-none-eabi/10.3.1/../../../../arm-none-eabi/lib/thumb/v7e-m+fp/hard\libc_nano.a(lib_a-puts.o)
                0x0000000008022a10                puts
 .text.__swbuf_r
                0x0000000008022a20       0xa4 c:/st/stm32cubeide_1.9.0/stm32cubeide/plugins/com.st.stm32cube.ide.mcu.externaltools.gnu-tools-for-stm32.10.3-2021.10.win32_1.0.0.202111181127/tools/bin/../lib/gcc/arm-none-eabi/10.3.1/../../../../arm-none-eabi/lib/thumb/v7e-m+fp/hard\libc_nano.a(lib_a-wbuf.o)
                0x0000000008022a20                __swbuf_r
 .text.__swsetup_r
                0x0000000008022ac4       0xdc c:/st/stm32cubeide_1.9.0/stm32cubeide/plugins/com.st.stm32cube.ide.mcu.externaltools.gnu-tools-for-stm32.10.3-2021.10.win32_1.0.0.202111181127/tools/bin/../lib/gcc/arm-none-eabi/10.3.1/../../../../arm-none-eabi/lib/thumb/v7e-m+fp/hard\libc_nano.a(lib_a-wsetup.o)
                0x0000000008022ac4                __swsetup_r
 .text.quorem   0x0000000008022ba0      0x116 c:/st/stm32cubeide_1.9.0/stm32cubeide/plugins/com.st.stm32cube.ide.mcu.externaltools.gnu-tools-for-stm32.10.3-2021.10.win32_1.0.0.202111181127/tools/bin/../lib/gcc/arm-none-eabi/10.3.1/../../../../arm-none-eabi/lib/thumb/v7e-m+fp/hard\libc_nano.a(lib_a-dtoa.o)
 *fill*         0x0000000008022cb6        0x2 
 .text._dtoa_r  0x0000000008022cb8      0xbdc c:/st/stm32cubeide_1.9.0/stm32cubeide/plugins/com.st.stm32cube.ide.mcu.externaltools.gnu-tools-for-stm32.10.3-2021.10.win32_1.0.0.202111181127/tools/bin/../lib/gcc/arm-none-eabi/10.3.1/../../../../arm-none-eabi/lib/thumb/v7e-m+fp/hard\libc_nano.a(lib_a-dtoa.o)
                0x0000000008022cb8                _dtoa_r
 .text.__sflush_r
                0x0000000008023894      0x10c c:/st/stm32cubeide_1.9.0/stm32cubeide/plugins/com.st.stm32cube.ide.mcu.externaltools.gnu-tools-for-stm32.10.3-2021.10.win32_1.0.0.202111181127/tools/bin/../lib/gcc/arm-none-eabi/10.3.1/../../../../arm-none-eabi/lib/thumb/v7e-m+fp/hard\libc_nano.a(lib_a-fflush.o)
                0x0000000008023894                __sflush_r
 .text._fflush_r
                0x00000000080239a0       0x78 c:/st/stm32cubeide_1.9.0/stm32cubeide/plugins/com.st.stm32cube.ide.mcu.externaltools.gnu-tools-for-stm32.10.3-2021.10.win32_1.0.0.202111181127/tools/bin/../lib/gcc/arm-none-eabi/10.3.1/../../../../arm-none-eabi/lib/thumb/v7e-m+fp/hard\libc_nano.a(lib_a-fflush.o)
                0x00000000080239a0                _fflush_r
 .text.std      0x0000000008023a18       0x48 c:/st/stm32cubeide_1.9.0/stm32cubeide/plugins/com.st.stm32cube.ide.mcu.externaltools.gnu-tools-for-stm32.10.3-2021.10.win32_1.0.0.202111181127/tools/bin/../lib/gcc/arm-none-eabi/10.3.1/../../../../arm-none-eabi/lib/thumb/v7e-m+fp/hard\libc_nano.a(lib_a-findfp.o)
 .text._cleanup_r
                0x0000000008023a60        0xc c:/st/stm32cubeide_1.9.0/stm32cubeide/plugins/com.st.stm32cube.ide.mcu.externaltools.gnu-tools-for-stm32.10.3-2021.10.win32_1.0.0.202111181127/tools/bin/../lib/gcc/arm-none-eabi/10.3.1/../../../../arm-none-eabi/lib/thumb/v7e-m+fp/hard\libc_nano.a(lib_a-findfp.o)
                0x0000000008023a60                _cleanup_r
 .text.__sfmoreglue
                0x0000000008023a6c       0x2c c:/st/stm32cubeide_1.9.0/stm32cubeide/plugins/com.st.stm32cube.ide.mcu.externaltools.gnu-tools-for-stm32.10.3-2021.10.win32_1.0.0.202111181127/tools/bin/../lib/gcc/arm-none-eabi/10.3.1/../../../../arm-none-eabi/lib/thumb/v7e-m+fp/hard\libc_nano.a(lib_a-findfp.o)
                0x0000000008023a6c                __sfmoreglue
 .text.__sfp_lock_acquire
                0x0000000008023a98        0xc c:/st/stm32cubeide_1.9.0/stm32cubeide/plugins/com.st.stm32cube.ide.mcu.externaltools.gnu-tools-for-stm32.10.3-2021.10.win32_1.0.0.202111181127/tools/bin/../lib/gcc/arm-none-eabi/10.3.1/../../../../arm-none-eabi/lib/thumb/v7e-m+fp/hard\libc_nano.a(lib_a-findfp.o)
                0x0000000008023a98                __sfp_lock_acquire
 .text.__sfp_lock_release
                0x0000000008023aa4        0xc c:/st/stm32cubeide_1.9.0/stm32cubeide/plugins/com.st.stm32cube.ide.mcu.externaltools.gnu-tools-for-stm32.10.3-2021.10.win32_1.0.0.202111181127/tools/bin/../lib/gcc/arm-none-eabi/10.3.1/../../../../arm-none-eabi/lib/thumb/v7e-m+fp/hard\libc_nano.a(lib_a-findfp.o)
                0x0000000008023aa4                __sfp_lock_release
 .text.__sinit_lock_acquire
                0x0000000008023ab0        0xc c:/st/stm32cubeide_1.9.0/stm32cubeide/plugins/com.st.stm32cube.ide.mcu.externaltools.gnu-tools-for-stm32.10.3-2021.10.win32_1.0.0.202111181127/tools/bin/../lib/gcc/arm-none-eabi/10.3.1/../../../../arm-none-eabi/lib/thumb/v7e-m+fp/hard\libc_nano.a(lib_a-findfp.o)
                0x0000000008023ab0                __sinit_lock_acquire
 .text.__sinit_lock_release
                0x0000000008023abc        0xc c:/st/stm32cubeide_1.9.0/stm32cubeide/plugins/com.st.stm32cube.ide.mcu.externaltools.gnu-tools-for-stm32.10.3-2021.10.win32_1.0.0.202111181127/tools/bin/../lib/gcc/arm-none-eabi/10.3.1/../../../../arm-none-eabi/lib/thumb/v7e-m+fp/hard\libc_nano.a(lib_a-findfp.o)
                0x0000000008023abc                __sinit_lock_release
 .text.__sinit  0x0000000008023ac8       0x70 c:/st/stm32cubeide_1.9.0/stm32cubeide/plugins/com.st.stm32cube.ide.mcu.externaltools.gnu-tools-for-stm32.10.3-2021.10.win32_1.0.0.202111181127/tools/bin/../lib/gcc/arm-none-eabi/10.3.1/../../../../arm-none-eabi/lib/thumb/v7e-m+fp/hard\libc_nano.a(lib_a-findfp.o)
                0x0000000008023ac8                __sinit
 .text.__sfp    0x0000000008023b38       0x8c c:/st/stm32cubeide_1.9.0/stm32cubeide/plugins/com.st.stm32cube.ide.mcu.externaltools.gnu-tools-for-stm32.10.3-2021.10.win32_1.0.0.202111181127/tools/bin/../lib/gcc/arm-none-eabi/10.3.1/../../../../arm-none-eabi/lib/thumb/v7e-m+fp/hard\libc_nano.a(lib_a-findfp.o)
                0x0000000008023b38                __sfp
 .text._fwalk_reent
                0x0000000008023bc4       0x3e c:/st/stm32cubeide_1.9.0/stm32cubeide/plugins/com.st.stm32cube.ide.mcu.externaltools.gnu-tools-for-stm32.10.3-2021.10.win32_1.0.0.202111181127/tools/bin/../lib/gcc/arm-none-eabi/10.3.1/../../../../arm-none-eabi/lib/thumb/v7e-m+fp/hard\libc_nano.a(lib_a-fwalk.o)
                0x0000000008023bc4                _fwalk_reent
 *fill*         0x0000000008023c02        0x2 
 .text._localeconv_r
                0x0000000008023c04        0x8 c:/st/stm32cubeide_1.9.0/stm32cubeide/plugins/com.st.stm32cube.ide.mcu.externaltools.gnu-tools-for-stm32.10.3-2021.10.win32_1.0.0.202111181127/tools/bin/../lib/gcc/arm-none-eabi/10.3.1/../../../../arm-none-eabi/lib/thumb/v7e-m+fp/hard\libc_nano.a(lib_a-localeconv.o)
                0x0000000008023c04                _localeconv_r
 .text.__retarget_lock_init_recursive
                0x0000000008023c0c        0x2 c:/st/stm32cubeide_1.9.0/stm32cubeide/plugins/com.st.stm32cube.ide.mcu.externaltools.gnu-tools-for-stm32.10.3-2021.10.win32_1.0.0.202111181127/tools/bin/../lib/gcc/arm-none-eabi/10.3.1/../../../../arm-none-eabi/lib/thumb/v7e-m+fp/hard\libc_nano.a(lib_a-lock.o)
                0x0000000008023c0c                __retarget_lock_init_recursive
 .text.__retarget_lock_acquire_recursive
                0x0000000008023c0e        0x2 c:/st/stm32cubeide_1.9.0/stm32cubeide/plugins/com.st.stm32cube.ide.mcu.externaltools.gnu-tools-for-stm32.10.3-2021.10.win32_1.0.0.202111181127/tools/bin/../lib/gcc/arm-none-eabi/10.3.1/../../../../arm-none-eabi/lib/thumb/v7e-m+fp/hard\libc_nano.a(lib_a-lock.o)
                0x0000000008023c0e                __retarget_lock_acquire_recursive
 .text.__retarget_lock_release_recursive
                0x0000000008023c10        0x2 c:/st/stm32cubeide_1.9.0/stm32cubeide/plugins/com.st.stm32cube.ide.mcu.externaltools.gnu-tools-for-stm32.10.3-2021.10.win32_1.0.0.202111181127/tools/bin/../lib/gcc/arm-none-eabi/10.3.1/../../../../arm-none-eabi/lib/thumb/v7e-m+fp/hard\libc_nano.a(lib_a-lock.o)
                0x0000000008023c10                __retarget_lock_release_recursive
 .text.__swhatbuf_r
                0x0000000008023c12       0x4a c:/st/stm32cubeide_1.9.0/stm32cubeide/plugins/com.st.stm32cube.ide.mcu.externaltools.gnu-tools-for-stm32.10.3-2021.10.win32_1.0.0.202111181127/tools/bin/../lib/gcc/arm-none-eabi/10.3.1/../../../../arm-none-eabi/lib/thumb/v7e-m+fp/hard\libc_nano.a(lib_a-makebuf.o)
                0x0000000008023c12                __swhatbuf_r
 .text.__smakebuf_r
                0x0000000008023c5c       0x80 c:/st/stm32cubeide_1.9.0/stm32cubeide/plugins/com.st.stm32cube.ide.mcu.externaltools.gnu-tools-for-stm32.10.3-2021.10.win32_1.0.0.202111181127/tools/bin/../lib/gcc/arm-none-eabi/10.3.1/../../../../arm-none-eabi/lib/thumb/v7e-m+fp/hard\libc_nano.a(lib_a-makebuf.o)
                0x0000000008023c5c                __smakebuf_r
 .text.malloc   0x0000000008023cdc       0x10 c:/st/stm32cubeide_1.9.0/stm32cubeide/plugins/com.st.stm32cube.ide.mcu.externaltools.gnu-tools-for-stm32.10.3-2021.10.win32_1.0.0.202111181127/tools/bin/../lib/gcc/arm-none-eabi/10.3.1/../../../../arm-none-eabi/lib/thumb/v7e-m+fp/hard\libc_nano.a(lib_a-malloc.o)
                0x0000000008023cdc                malloc
 .text._Balloc  0x0000000008023cec       0x80 c:/st/stm32cubeide_1.9.0/stm32cubeide/plugins/com.st.stm32cube.ide.mcu.externaltools.gnu-tools-for-stm32.10.3-2021.10.win32_1.0.0.202111181127/tools/bin/../lib/gcc/arm-none-eabi/10.3.1/../../../../arm-none-eabi/lib/thumb/v7e-m+fp/hard\libc_nano.a(lib_a-mprec.o)
                0x0000000008023cec                _Balloc
 .text._Bfree   0x0000000008023d6c       0x44 c:/st/stm32cubeide_1.9.0/stm32cubeide/plugins/com.st.stm32cube.ide.mcu.externaltools.gnu-tools-for-stm32.10.3-2021.10.win32_1.0.0.202111181127/tools/bin/../lib/gcc/arm-none-eabi/10.3.1/../../../../arm-none-eabi/lib/thumb/v7e-m+fp/hard\libc_nano.a(lib_a-mprec.o)
                0x0000000008023d6c                _Bfree
 .text.__multadd
                0x0000000008023db0       0x8c c:/st/stm32cubeide_1.9.0/stm32cubeide/plugins/com.st.stm32cube.ide.mcu.externaltools.gnu-tools-for-stm32.10.3-2021.10.win32_1.0.0.202111181127/tools/bin/../lib/gcc/arm-none-eabi/10.3.1/../../../../arm-none-eabi/lib/thumb/v7e-m+fp/hard\libc_nano.a(lib_a-mprec.o)
                0x0000000008023db0                __multadd
 .text.__hi0bits
                0x0000000008023e3c       0x40 c:/st/stm32cubeide_1.9.0/stm32cubeide/plugins/com.st.stm32cube.ide.mcu.externaltools.gnu-tools-for-stm32.10.3-2021.10.win32_1.0.0.202111181127/tools/bin/../lib/gcc/arm-none-eabi/10.3.1/../../../../arm-none-eabi/lib/thumb/v7e-m+fp/hard\libc_nano.a(lib_a-mprec.o)
                0x0000000008023e3c                __hi0bits
 .text.__lo0bits
                0x0000000008023e7c       0x5e c:/st/stm32cubeide_1.9.0/stm32cubeide/plugins/com.st.stm32cube.ide.mcu.externaltools.gnu-tools-for-stm32.10.3-2021.10.win32_1.0.0.202111181127/tools/bin/../lib/gcc/arm-none-eabi/10.3.1/../../../../arm-none-eabi/lib/thumb/v7e-m+fp/hard\libc_nano.a(lib_a-mprec.o)
                0x0000000008023e7c                __lo0bits
 *fill*         0x0000000008023eda        0x2 
 .text.__i2b    0x0000000008023edc       0x2c c:/st/stm32cubeide_1.9.0/stm32cubeide/plugins/com.st.stm32cube.ide.mcu.externaltools.gnu-tools-for-stm32.10.3-2021.10.win32_1.0.0.202111181127/tools/bin/../lib/gcc/arm-none-eabi/10.3.1/../../../../arm-none-eabi/lib/thumb/v7e-m+fp/hard\libc_nano.a(lib_a-mprec.o)
                0x0000000008023edc                __i2b
 .text.__multiply
                0x0000000008023f08      0x154 c:/st/stm32cubeide_1.9.0/stm32cubeide/plugins/com.st.stm32cube.ide.mcu.externaltools.gnu-tools-for-stm32.10.3-2021.10.win32_1.0.0.202111181127/tools/bin/../lib/gcc/arm-none-eabi/10.3.1/../../../../arm-none-eabi/lib/thumb/v7e-m+fp/hard\libc_nano.a(lib_a-mprec.o)
                0x0000000008023f08                __multiply
 .text.__pow5mult
                0x000000000802405c       0xb4 c:/st/stm32cubeide_1.9.0/stm32cubeide/plugins/com.st.stm32cube.ide.mcu.externaltools.gnu-tools-for-stm32.10.3-2021.10.win32_1.0.0.202111181127/tools/bin/../lib/gcc/arm-none-eabi/10.3.1/../../../../arm-none-eabi/lib/thumb/v7e-m+fp/hard\libc_nano.a(lib_a-mprec.o)
                0x000000000802405c                __pow5mult
 .text.__lshift
                0x0000000008024110       0xe0 c:/st/stm32cubeide_1.9.0/stm32cubeide/plugins/com.st.stm32cube.ide.mcu.externaltools.gnu-tools-for-stm32.10.3-2021.10.win32_1.0.0.202111181127/tools/bin/../lib/gcc/arm-none-eabi/10.3.1/../../../../arm-none-eabi/lib/thumb/v7e-m+fp/hard\libc_nano.a(lib_a-mprec.o)
                0x0000000008024110                __lshift
 .text.__mcmp   0x00000000080241f0       0x38 c:/st/stm32cubeide_1.9.0/stm32cubeide/plugins/com.st.stm32cube.ide.mcu.externaltools.gnu-tools-for-stm32.10.3-2021.10.win32_1.0.0.202111181127/tools/bin/../lib/gcc/arm-none-eabi/10.3.1/../../../../arm-none-eabi/lib/thumb/v7e-m+fp/hard\libc_nano.a(lib_a-mprec.o)
                0x00000000080241f0                __mcmp
 .text.__mdiff  0x0000000008024228      0x114 c:/st/stm32cubeide_1.9.0/stm32cubeide/plugins/com.st.stm32cube.ide.mcu.externaltools.gnu-tools-for-stm32.10.3-2021.10.win32_1.0.0.202111181127/tools/bin/../lib/gcc/arm-none-eabi/10.3.1/../../../../arm-none-eabi/lib/thumb/v7e-m+fp/hard\libc_nano.a(lib_a-mprec.o)
                0x0000000008024228                __mdiff
 .text.__d2b    0x000000000802433c       0xb8 c:/st/stm32cubeide_1.9.0/stm32cubeide/plugins/com.st.stm32cube.ide.mcu.externaltools.gnu-tools-for-stm32.10.3-2021.10.win32_1.0.0.202111181127/tools/bin/../lib/gcc/arm-none-eabi/10.3.1/../../../../arm-none-eabi/lib/thumb/v7e-m+fp/hard\libc_nano.a(lib_a-mprec.o)
                0x000000000802433c                __d2b
 .text._calloc_r
                0x00000000080243f4       0x2c c:/st/stm32cubeide_1.9.0/stm32cubeide/plugins/com.st.stm32cube.ide.mcu.externaltools.gnu-tools-for-stm32.10.3-2021.10.win32_1.0.0.202111181127/tools/bin/../lib/gcc/arm-none-eabi/10.3.1/../../../../arm-none-eabi/lib/thumb/v7e-m+fp/hard\libc_nano.a(lib_a-nano-callocr.o)
                0x00000000080243f4                _calloc_r