../Core/Src/Control_motor.c:44:6:Control_mode_Init	4	static
../Core/Src/Control_motor.c:54:6:get_duty	24	static
../Core/Src/Control_motor.c:89:6:interupt_DriveMotor	80	static
../Core/Src/Control_motor.c:240:7:straight_table_max	48	static
../Core/Src/Control_motor.c:308:7:straight_table2	40	static
../Core/Src/Control_motor.c:479:6:End_straight	24	static
../Core/Src/Control_motor.c:508:7:turning_table2	40	static
../Core/Src/Control_motor.c:563:7:slalom_table2	40	static
../Core/Src/Control_motor.c:608:6:no_angle	8	static
../Core/Src/Control_motor.c:634:6:mollifier_slalom_table	32	static
../Core/Src/Control_motor.c:667:6:no_frontwall_straight	8	static
../Core/Src/Control_motor.c:698:7:straight_table_ff	40	static
../Core/Src/Control_motor.c:763:7:turning_table_ff	40	static
