../Core/Src/Control_motor.c:44:6:Control_mode_Init	4	static
../Core/Src/Control_motor.c:54:6:get_duty	24	static
../Core/Src/Control_motor.c:89:6:interupt_DriveMotor	80	static
../Core/Src/Control_motor.c:265:7:straight_table_dis	48	static
../Core/Src/Control_motor.c:332:7:straight_table_max	48	static
../Core/Src/Control_motor.c:401:7:straight_table2	40	static
../Core/Src/Control_motor.c:572:6:End_straight	24	static
../Core/Src/Control_motor.c:601:7:turning_table2	40	static
../Core/Src/Control_motor.c:656:7:slalom_table2	40	static
../Core/Src/Control_motor.c:701:6:no_angle	8	static
../Core/Src/Control_motor.c:727:6:mollifier_slalom_table	32	static
../Core/Src/Control_motor.c:760:6:no_frontwall_straight	8	static
../Core/Src/Control_motor.c:791:7:straight_table_ff	40	static
../Core/Src/Control_motor.c:856:7:turning_table_ff	40	static
