../Core/Src/maze_Turning.c:33:6:test_mollifier_slalomR	16	static
../Core/Src/maze_Turning.c:56:6:backTurn_hitWall	32	static
../Core/Src/maze_Turning.c:82:6:backTurn_controlWall	24	static
../Core/Src/maze_Turning.c:126:6:slalomR	40	static
../Core/Src/maze_Turning.c:181:6:slalomL	40	static
../Core/Src/maze_Turning.c:236:6:turn90R	40	static
../Core/Src/maze_Turning.c:281:6:turn90L	40	static
../Core/Src/maze_Turning.c:327:6:turn180R	40	static
../Core/Src/maze_Turning.c:372:6:turn180L	40	static
../Core/Src/maze_Turning.c:419:6:turn45inR	40	static
../Core/Src/maze_Turning.c:489:6:turn45inL	40	static
../Core/Src/maze_Turning.c:559:6:turn135inR	40	static
../Core/Src/maze_Turning.c:629:6:turn135inL	40	static
../Core/Src/maze_Turning.c:700:6:turn45outR	40	static
../Core/Src/maze_Turning.c:765:6:turn45outL	40	static
../Core/Src/maze_Turning.c:830:6:turn135outR	40	static
../Core/Src/maze_Turning.c:894:6:turn135outL	40	static
../Core/Src/maze_Turning.c:958:6:V90R	40	static
../Core/Src/maze_Turning.c:1021:6:V90L	40	static
../Core/Src/maze_Turning.c:1085:6:testturning	32	static
