../Core/Src/maze_wall.c:51:6:maze_clear	16	static
../Core/Src/maze_wall.c:85:6:update_wall	24	static
../Core/Src/maze_wall.c:166:6:get_wall	24	static
../Core/Src/maze_wall.c:220:6:get_wall_look	24	static
../Core/Src/maze_wall.c:274:6:search_AroundWalkCount	32	static
../Core/Src/maze_wall.c:327:6:search_AroundDijkstraCount	32	static
../Core/Src/maze_wall.c:379:6:create_DijkstraMap	20112	static
../Core/Src/maze_wall.c:627:6:route_Dijkstra	24120	static
../Core/Src/maze_wall.c:806:6:create_StepCountMap_unknown	8048	static
../Core/Src/maze_wall.c:904:6:create_StepCountMap_queue	8040	static
../Core/Src/maze_wall.c:982:6:create_StepCountMapBack_queue	8048	static
../Core/Src/maze_wall.c:1057:6:initStack_walk	16	static
../Core/Src/maze_wall.c:1068:6:pushStack_walk	16	static
../Core/Src/maze_wall.c:1087:16:popStack_walk	24	static
../Core/Src/maze_wall.c:1125:6:maze_maker	24	static
../Core/Src/maze_wall.c:1127:6:maze_maker2	24	static
../Core/Src/maze_wall.c:1129:6:maze_makerhosuu	24	static
../Core/Src/maze_wall.c:1131:6:maze_makerRun	24	static
../Core/Src/maze_wall.c:1134:6:maze_makeronly	24	static
../Core/Src/maze_wall.c:1137:6:maze_makerback	24	static
../Core/Src/maze_wall.c:1141:6:maze_display	16	static
../Core/Src/maze_wall.c:1214:6:maze_display_Dijkstra	16	static
