../Core/Src/maze_Turning.c:33:6:test_mollifier_slalomR	16	static
../Core/Src/maze_Turning.c:56:6:backTurn_hitWall	32	static
../Core/Src/maze_Turning.c:82:6:backTurn_controlWall	24	static
../Core/Src/maze_Turning.c:126:6:slalomR	40	static
../Core/Src/maze_Turning.c:186:6:slalomL	40	static
../Core/Src/maze_Turning.c:246:6:turn90R	40	static
../Core/Src/maze_Turning.c:291:6:turn90L	40	static
../Core/Src/maze_Turning.c:337:6:turn180R	40	static
../Core/Src/maze_Turning.c:382:6:turn180L	40	static
../Core/Src/maze_Turning.c:429:6:turn45inR	40	static
../Core/Src/maze_Turning.c:499:6:turn45inL	40	static
../Core/Src/maze_Turning.c:569:6:turn135inR	40	static
../Core/Src/maze_Turning.c:639:6:turn135inL	40	static
../Core/Src/maze_Turning.c:710:6:turn45outR	40	static
../Core/Src/maze_Turning.c:775:6:turn45outL	40	static
../Core/Src/maze_Turning.c:840:6:turn135outR	40	static
../Core/Src/maze_Turning.c:904:6:turn135outL	40	static
../Core/Src/maze_Turning.c:968:6:V90R	40	static
../Core/Src/maze_Turning.c:1031:6:V90L	40	static
../Core/Src/maze_Turning.c:1095:6:testturning	32	static
