../Core/Src/maze_wall.c:24:6:maze_out_matlab	16	static
../Core/Src/maze_wall.c:38:6:maze_clear	24	static
../Core/Src/maze_wall.c:107:6:update_wall	24	static
../Core/Src/maze_wall.c:188:6:get_wall	24	static
../Core/Src/maze_wall.c:242:6:get_wall_look	24	static
../Core/Src/maze_wall.c:296:6:search_AroundWalkCount	32	static
../Core/Src/maze_wall.c:349:6:search_AroundDijkstraCount	32	static
../Core/Src/maze_wall.c:401:6:create_DijkstraMap	20112	static
../Core/Src/maze_wall.c:649:6:route_Dijkstra	24120	static
../Core/Src/maze_wall.c:829:6:create_StepCountMap_unknown	8048	static
../Core/Src/maze_wall.c:927:6:create_StepCountMap_queue	8040	static
../Core/Src/maze_wall.c:1005:6:create_StepCountMapBack_queue	8048	static
../Core/Src/maze_wall.c:1080:6:initStack_walk	16	static
../Core/Src/maze_wall.c:1091:6:pushStack_walk	16	static
../Core/Src/maze_wall.c:1110:16:popStack_walk	24	static
../Core/Src/maze_wall.c:1144:6:maze_maker	24	static
../Core/Src/maze_wall.c:1146:6:maze_maker2	24	static
../Core/Src/maze_wall.c:1148:6:maze_makerhosuu	24	static
../Core/Src/maze_wall.c:1150:6:maze_makerRun	24	static
../Core/Src/maze_wall.c:1153:6:maze_makeronly	24	static
../Core/Src/maze_wall.c:1156:6:maze_makerback	24	static
../Core/Src/maze_wall.c:1160:6:maze_display	16	static
../Core/Src/maze_wall.c:1233:6:maze_display_Dijkstra	16	static
