../Core/Src/stm32g4xx_it.c:81:6:NMI_Handler	4	static
../Core/Src/stm32g4xx_it.c:96:6:HardFault_Handler	4	static
../Core/Src/stm32g4xx_it.c:112:6:MemManage_Handler	4	static
../Core/Src/stm32g4xx_it.c:127:6:BusFault_Handler	4	static
../Core/Src/stm32g4xx_it.c:142:6:UsageFault_Handler	4	static
../Core/Src/stm32g4xx_it.c:157:6:SVC_Handler	4	static
../Core/Src/stm32g4xx_it.c:170:6:DebugMon_Handler	4	static
../Core/Src/stm32g4xx_it.c:183:6:PendSV_Handler	4	static
../Core/Src/stm32g4xx_it.c:196:6:SysTick_Handler	8	static
../Core/Src/stm32g4xx_it.c:217:6:DMA1_Channel1_IRQHandler	8	static
../Core/Src/stm32g4xx_it.c:231:6:ADC1_2_IRQHandler	8	static
../Core/Src/stm32g4xx_it.c:245:6:TIM6_DAC_IRQHandler	8	static
../Core/Src/stm32g4xx_it.c:271:6:DMAMUX_OVR_IRQHandler	4	static
